{"timestamp":"2026-09-18T18:04:40.151455Z","level":"info","event":"Filling up the DagBag from /opt/airflow/dags/01_dependency_dag.py","logger":"airflow.dag_processing.dagbag.BundleDagBag","filename":"dagbag.py","lineno":460}
{"timestamp":"2026-09-18T18:04:40.174066Z","level":"error","event":"Failed to import: /opt/airflow/dags/01_dependency_dag.py","logger":"airflow.dag_processing.importers.python_importer","filename":"python_importer.py","lineno":244,"error_detail":[{"exc_type":"TypeError","exc_value":"unsupported operand type(s) for >>: 'list' and '_TaskDecorator'","exc_notes":[],"syntax_error":null,"is_cause":false,"frames":[{"filename":"/home/airflow/.local/lib/python3.13/site-packages/airflow/dag_processing/importers/python_importer.py","lineno":238,"name":"parse"},{"filename":"<frozen importlib._bootstrap_external>","lineno":1023,"name":"exec_module"},{"filename":"<frozen importlib._bootstrap>","lineno":488,"name":"_call_with_frames_removed"},{"filename":"/opt/airflow/dags/01_dependency_dag.py","lineno":26,"name":"<module>"},{"filename":"/home/airflow/.local/lib/python3.13/site-packages/airflow/sdk/definitions/dag.py","lineno":1696,"name":"factory"},{"filename":"/opt/airflow/dags/01_dependency_dag.py","lineno":24,"name":"dependency_dag"}],"is_group":false,"exceptions":[]}]}
{"timestamp":"2026-09-18T18:04:40.187463Z","level":"error","event":"Error loading DAG from 01_dependency_dag.py: unsupported operand type(s) for >>: 'list' and '_TaskDecorator'","logger":"airflow.dag_processing.dagbag.BundleDagBag","filename":"dagbag.py","lineno":319}
{"timestamp":"2026-09-18T18:05:10.430354Z","level":"info","event":"Filling up the DagBag from /opt/airflow/dags/01_dependency_dag.py","logger":"airflow.dag_processing.dagbag.BundleDagBag","filename":"dagbag.py","lineno":460}
{"timestamp":"2026-09-18T18:05:10.469157Z","level":"error","event":"Failed to import: /opt/airflow/dags/01_dependency_dag.py","logger":"airflow.dag_processing.importers.python_importer","filename":"python_importer.py","lineno":244,"error_detail":[{"exc_type":"TypeError","exc_value":"unsupported operand type(s) for >>: 'list' and '_TaskDecorator'","exc_notes":[],"syntax_error":null,"is_cause":false,"frames":[{"filename":"/home/airflow/.local/lib/python3.13/site-packages/airflow/dag_processing/importers/python_importer.py","lineno":238,"name":"parse"},{"filename":"<frozen importlib._bootstrap_external>","lineno":1023,"name":"exec_module"},{"filename":"<frozen importlib._bootstrap>","lineno":488,"name":"_call_with_frames_removed"},{"filename":"/opt/airflow/dags/01_dependency_dag.py","lineno":26,"name":"<module>"},{"filename":"/home/airflow/.local/lib/python3.13/site-packages/airflow/sdk/definitions/dag.py","lineno":1696,"name":"factory"},{"filename":"/opt/airflow/dags/01_dependency_dag.py","lineno":24,"name":"dependency_dag"}],"is_group":false,"exceptions":[]}]}
{"timestamp":"2026-09-18T18:05:10.472274Z","level":"error","event":"Error loading DAG from 01_dependency_dag.py: unsupported operand type(s) for >>: 'list' and '_TaskDecorator'","logger":"airflow.dag_processing.dagbag.BundleDagBag","filename":"dagbag.py","lineno":319}
{"timestamp":"2026-09-18T18:05:40.739362Z","level":"info","event":"Filling up the DagBag from /opt/airflow/dags/01_dependency_dag.py","logger":"airflow.dag_processing.dagbag.BundleDagBag","filename":"dagbag.py","lineno":460}
{"timestamp":"2026-09-18T18:05:40.788768Z","level":"error","event":"Failed to import: /opt/airflow/dags/01_dependency_dag.py","logger":"airflow.dag_processing.importers.python_importer","filename":"python_importer.py","lineno":244,"error_detail":[{"exc_type":"TypeError","exc_value":"unsupported operand type(s) for >>: 'list' and '_TaskDecorator'","exc_notes":[],"syntax_error":null,"is_cause":false,"frames":[{"filename":"/home/airflow/.local/lib/python3.13/site-packages/airflow/dag_processing/importers/python_importer.py","lineno":238,"name":"parse"},{"filename":"<frozen importlib._bootstrap_external>","lineno":1023,"name":"exec_module"},{"filename":"<frozen importlib._bootstrap>","lineno":488,"name":"_call_with_frames_removed"},{"filename":"/opt/airflow/dags/01_dependency_dag.py","lineno":26,"name":"<module>"},{"filename":"/home/airflow/.local/lib/python3.13/site-packages/airflow/sdk/definitions/dag.py","lineno":1696,"name":"factory"},{"filename":"/opt/airflow/dags/01_dependency_dag.py","lineno":24,"name":"dependency_dag"}],"is_group":false,"exceptions":[]}]}
{"timestamp":"2026-09-18T18:05:40.793910Z","level":"error","event":"Error loading DAG from 01_dependency_dag.py: unsupported operand type(s) for >>: 'list' and '_TaskDecorator'","logger":"airflow.dag_processing.dagbag.BundleDagBag","filename":"dagbag.py","lineno":319}
{"timestamp":"2026-09-18T18:05:51.073368Z","level":"info","event":"Filling up the DagBag from /opt/airflow/dags/01_dependency_dag.py","logger":"airflow.dag_processing.dagbag.BundleDagBag","filename":"dagbag.py","lineno":460}
{"timestamp":"2026-09-18T18:06:21.518849Z","level":"info","event":"Filling up the DagBag from /opt/airflow/dags/01_dependency_dag.py","logger":"airflow.dag_processing.dagbag.BundleDagBag","filename":"dagbag.py","lineno":460}
{"timestamp":"2026-09-18T18:06:52.079707Z","level":"info","event":"Filling up the DagBag from /opt/airflow/dags/01_dependency_dag.py","logger":"airflow.dag_processing.dagbag.BundleDagBag","filename":"dagbag.py","lineno":460}
{"timestamp":"2026-09-18T18:07:22.659145Z","level":"info","event":"Filling up the DagBag from /opt/airflow/dags/01_dependency_dag.py","logger":"airflow.dag_processing.dagbag.BundleDagBag","filename":"dagbag.py","lineno":460}
{"timestamp":"2026-09-18T18:07:53.085411Z","level":"info","event":"Filling up the DagBag from /opt/airflow/dags/01_dependency_dag.py","logger":"airflow.dag_processing.dagbag.BundleDagBag","filename":"dagbag.py","lineno":460}
{"timestamp":"2026-09-18T18:08:23.406986Z","level":"info","event":"Filling up the DagBag from /opt/airflow/dags/01_dependency_dag.py","logger":"airflow.dag_processing.dagbag.BundleDagBag","filename":"dagbag.py","lineno":460}
{"timestamp":"2026-09-18T18:08:38.540958Z","level":"info","event":"Filling up the DagBag from /opt/airflow/dags/01_dependency_dag.py","logger":"airflow.dag_processing.dagbag.BundleDagBag","filename":"dagbag.py","lineno":460}
{"timestamp":"2026-09-18T18:08:38.548542Z","level":"error","event":"Failed to import: /opt/airflow/dags/01_dependency_dag.py","logger":"airflow.dag_processing.importers.python_importer","filename":"python_importer.py","lineno":244,"error_detail":[{"exc_type":"SyntaxError","exc_value":"invalid syntax (01_dependency_dag.py, line 17)","exc_notes":[],"syntax_error":{"offset":14,"filename":"/opt/airflow/dags/01_dependency_dag.py","line":"        raise.exception(\"Intentional error in task_3 for testing purposes.\")\n","lineno":17,"msg":"invalid syntax"},"is_cause":false,"frames":[{"filename":"/home/airflow/.local/lib/python3.13/site-packages/airflow/dag_processing/importers/python_importer.py","lineno":238,"name":"parse"},{"filename":"<frozen importlib._bootstrap_external>","lineno":1019,"name":"exec_module"},{"filename":"<frozen importlib._bootstrap_external>","lineno":1157,"name":"get_code"},{"filename":"<frozen importlib._bootstrap_external>","lineno":1087,"name":"source_to_code"},{"filename":"<frozen importlib._bootstrap>","lineno":488,"name":"_call_with_frames_removed"}],"is_group":false,"exceptions":[]}]}
{"timestamp":"2026-09-18T18:08:38.550337Z","level":"error","event":"Error loading DAG from 01_dependency_dag.py: invalid syntax (01_dependency_dag.py, line 17)","logger":"airflow.dag_processing.dagbag.BundleDagBag","filename":"dagbag.py","lineno":319}
{"timestamp":"2026-09-18T18:08:58.451858Z","level":"info","event":"Filling up the DagBag from /opt/airflow/dags/01_dependency_dag.py","logger":"airflow.dag_processing.dagbag.BundleDagBag","filename":"dagbag.py","lineno":460}
{"timestamp":"2026-09-18T18:09:28.844263Z","level":"info","event":"Filling up the DagBag from /opt/airflow/dags/01_dependency_dag.py","logger":"airflow.dag_processing.dagbag.BundleDagBag","filename":"dagbag.py","lineno":460}
{"timestamp":"2026-09-18T18:09:39.662686Z","level":"info","event":"Filling up the DagBag from /opt/airflow/dags/01_dependency_dag.py","logger":"airflow.dag_processing.dagbag.BundleDagBag","filename":"dagbag.py","lineno":460}
{"timestamp":"2026-09-18T18:10:10.401501Z","level":"info","event":"Filling up the DagBag from /opt/airflow/dags/01_dependency_dag.py","logger":"airflow.dag_processing.dagbag.BundleDagBag","filename":"dagbag.py","lineno":460}
{"timestamp":"2026-09-18T18:10:40.816097Z","level":"info","event":"Filling up the DagBag from /opt/airflow/dags/01_dependency_dag.py","logger":"airflow.dag_processing.dagbag.BundleDagBag","filename":"dagbag.py","lineno":460}
{"timestamp":"2026-09-18T18:11:11.283444Z","level":"info","event":"Filling up the DagBag from /opt/airflow/dags/01_dependency_dag.py","logger":"airflow.dag_processing.dagbag.BundleDagBag","filename":"dagbag.py","lineno":460}
{"timestamp":"2026-09-18T18:11:42.408612Z","level":"info","event":"Filling up the DagBag from /opt/airflow/dags/01_dependency_dag.py","logger":"airflow.dag_processing.dagbag.BundleDagBag","filename":"dagbag.py","lineno":460}
{"timestamp":"2026-09-18T18:12:12.871517Z","level":"info","event":"Filling up the DagBag from /opt/airflow/dags/01_dependency_dag.py","logger":"airflow.dag_processing.dagbag.BundleDagBag","filename":"dagbag.py","lineno":460}
{"timestamp":"2026-09-18T18:12:43.431820Z","level":"info","event":"Filling up the DagBag from /opt/airflow/dags/01_dependency_dag.py","logger":"airflow.dag_processing.dagbag.BundleDagBag","filename":"dagbag.py","lineno":460}
{"timestamp":"2026-09-18T18:13:14.909124Z","level":"info","event":"Filling up the DagBag from /opt/airflow/dags/01_dependency_dag.py","logger":"airflow.dag_processing.dagbag.BundleDagBag","filename":"dagbag.py","lineno":460}
{"timestamp":"2026-09-18T18:13:46.397115Z","level":"info","event":"Filling up the DagBag from /opt/airflow/dags/01_dependency_dag.py","logger":"airflow.dag_processing.dagbag.BundleDagBag","filename":"dagbag.py","lineno":460}
{"timestamp":"2026-09-18T18:14:16.857029Z","level":"info","event":"Filling up the DagBag from /opt/airflow/dags/01_dependency_dag.py","logger":"airflow.dag_processing.dagbag.BundleDagBag","filename":"dagbag.py","lineno":460}
{"timestamp":"2026-09-18T18:14:47.305230Z","level":"info","event":"Filling up the DagBag from /opt/airflow/dags/01_dependency_dag.py","logger":"airflow.dag_processing.dagbag.BundleDagBag","filename":"dagbag.py","lineno":460}
{"timestamp":"2026-09-18T18:15:17.804330Z","level":"info","event":"Filling up the DagBag from /opt/airflow/dags/01_dependency_dag.py","logger":"airflow.dag_processing.dagbag.BundleDagBag","filename":"dagbag.py","lineno":460}
{"timestamp":"2026-09-18T18:15:48.293576Z","level":"info","event":"Filling up the DagBag from /opt/airflow/dags/01_dependency_dag.py","logger":"airflow.dag_processing.dagbag.BundleDagBag","filename":"dagbag.py","lineno":460}
{"timestamp":"2026-09-18T18:16:19.340145Z","level":"info","event":"Filling up the DagBag from /opt/airflow/dags/01_dependency_dag.py","logger":"airflow.dag_processing.dagbag.BundleDagBag","filename":"dagbag.py","lineno":460}
{"timestamp":"2026-09-18T18:16:50.084313Z","level":"info","event":"Filling up the DagBag from /opt/airflow/dags/01_dependency_dag.py","logger":"airflow.dag_processing.dagbag.BundleDagBag","filename":"dagbag.py","lineno":460}
{"timestamp":"2026-09-18T18:17:20.545504Z","level":"info","event":"Filling up the DagBag from /opt/airflow/dags/01_dependency_dag.py","logger":"airflow.dag_processing.dagbag.BundleDagBag","filename":"dagbag.py","lineno":460}
{"timestamp":"2026-09-18T18:17:50.911738Z","level":"info","event":"Filling up the DagBag from /opt/airflow/dags/01_dependency_dag.py","logger":"airflow.dag_processing.dagbag.BundleDagBag","filename":"dagbag.py","lineno":460}
{"timestamp":"2026-09-18T18:18:21.438437Z","level":"info","event":"Filling up the DagBag from /opt/airflow/dags/01_dependency_dag.py","logger":"airflow.dag_processing.dagbag.BundleDagBag","filename":"dagbag.py","lineno":460}
{"timestamp":"2026-09-18T18:18:52.351560Z","level":"info","event":"Filling up the DagBag from /opt/airflow/dags/01_dependency_dag.py","logger":"airflow.dag_processing.dagbag.BundleDagBag","filename":"dagbag.py","lineno":460}
{"timestamp":"2026-09-18T18:19:22.860964Z","level":"info","event":"Filling up the DagBag from /opt/airflow/dags/01_dependency_dag.py","logger":"airflow.dag_processing.dagbag.BundleDagBag","filename":"dagbag.py","lineno":460}
{"timestamp":"2026-09-18T18:19:53.088137Z","level":"info","event":"Filling up the DagBag from /opt/airflow/dags/01_dependency_dag.py","logger":"airflow.dag_processing.dagbag.BundleDagBag","filename":"dagbag.py","lineno":460}
{"timestamp":"2026-09-18T18:20:24.004648Z","level":"info","event":"Filling up the DagBag from /opt/airflow/dags/01_dependency_dag.py","logger":"airflow.dag_processing.dagbag.BundleDagBag","filename":"dagbag.py","lineno":460}
{"timestamp":"2026-09-18T18:20:54.973005Z","level":"info","event":"Filling up the DagBag from /opt/airflow/dags/01_dependency_dag.py","logger":"airflow.dag_processing.dagbag.BundleDagBag","filename":"dagbag.py","lineno":460}
{"timestamp":"2026-09-18T18:21:25.724475Z","level":"info","event":"Filling up the DagBag from /opt/airflow/dags/01_dependency_dag.py","logger":"airflow.dag_processing.dagbag.BundleDagBag","filename":"dagbag.py","lineno":460}
{"timestamp":"2026-09-18T18:21:56.374996Z","level":"info","event":"Filling up the DagBag from /opt/airflow/dags/01_dependency_dag.py","logger":"airflow.dag_processing.dagbag.BundleDagBag","filename":"dagbag.py","lineno":460}
{"timestamp":"2026-09-18T18:22:26.568930Z","level":"info","event":"Filling up the DagBag from /opt/airflow/dags/01_dependency_dag.py","logger":"airflow.dag_processing.dagbag.BundleDagBag","filename":"dagbag.py","lineno":460}
{"timestamp":"2026-09-18T18:22:56.904188Z","level":"info","event":"Filling up the DagBag from /opt/airflow/dags/01_dependency_dag.py","logger":"airflow.dag_processing.dagbag.BundleDagBag","filename":"dagbag.py","lineno":460}
{"timestamp":"2026-09-18T18:23:27.259853Z","level":"info","event":"Filling up the DagBag from /opt/airflow/dags/01_dependency_dag.py","logger":"airflow.dag_processing.dagbag.BundleDagBag","filename":"dagbag.py","lineno":460}
{"timestamp":"2026-09-18T18:23:57.599647Z","level":"info","event":"Filling up the DagBag from /opt/airflow/dags/01_dependency_dag.py","logger":"airflow.dag_processing.dagbag.BundleDagBag","filename":"dagbag.py","lineno":460}
{"timestamp":"2026-09-18T18:24:27.836517Z","level":"info","event":"Filling up the DagBag from /opt/airflow/dags/01_dependency_dag.py","logger":"airflow.dag_processing.dagbag.BundleDagBag","filename":"dagbag.py","lineno":460}
{"timestamp":"2026-09-18T18:24:58.093145Z","level":"info","event":"Filling up the DagBag from /opt/airflow/dags/01_dependency_dag.py","logger":"airflow.dag_processing.dagbag.BundleDagBag","filename":"dagbag.py","lineno":460}
{"timestamp":"2026-09-18T18:25:29.612790Z","level":"info","event":"Filling up the DagBag from /opt/airflow/dags/01_dependency_dag.py","logger":"airflow.dag_processing.dagbag.BundleDagBag","filename":"dagbag.py","lineno":460}
