{"timestamp":"2026-09-09T15:12:02.907516Z","level":"info","event":"Filling up the DagBag from /opt/airflow/dags/01_xcoms_bash_dag.py","logger":"airflow.dag_processing.dagbag.BundleDagBag","filename":"dagbag.py","lineno":460}
{"timestamp":"2026-09-09T15:12:33.174855Z","level":"info","event":"Filling up the DagBag from /opt/airflow/dags/01_xcoms_bash_dag.py","logger":"airflow.dag_processing.dagbag.BundleDagBag","filename":"dagbag.py","lineno":460}
{"timestamp":"2026-09-09T15:13:03.572317Z","level":"info","event":"Filling up the DagBag from /opt/airflow/dags/01_xcoms_bash_dag.py","logger":"airflow.dag_processing.dagbag.BundleDagBag","filename":"dagbag.py","lineno":460}
{"timestamp":"2026-09-09T15:13:34.298588Z","level":"info","event":"Filling up the DagBag from /opt/airflow/dags/01_xcoms_bash_dag.py","logger":"airflow.dag_processing.dagbag.BundleDagBag","filename":"dagbag.py","lineno":460}
{"timestamp":"2026-09-09T15:14:05.379516Z","level":"info","event":"Filling up the DagBag from /opt/airflow/dags/01_xcoms_bash_dag.py","logger":"airflow.dag_processing.dagbag.BundleDagBag","filename":"dagbag.py","lineno":460}
{"timestamp":"2026-09-09T15:14:28.971525Z","level":"info","event":"Filling up the DagBag from /opt/airflow/dags/01_xcoms_bash_dag.py","logger":"airflow.dag_processing.dagbag.BundleDagBag","filename":"dagbag.py","lineno":460}
{"timestamp":"2026-09-09T15:14:28.985448Z","level":"error","event":"Failed to import: /opt/airflow/dags/01_xcoms_bash_dag.py","logger":"airflow.dag_processing.importers.python_importer","filename":"python_importer.py","lineno":244,"error_detail":[{"exc_type":"SyntaxError","exc_value":"invalid syntax (01_xcoms_bash_dag.py, line 24)","exc_notes":[],"syntax_error":{"offset":87,"filename":"/opt/airflow/dags/01_xcoms_bash_dag.py","line":"        return 'echo \"This is a bash task!. The fetched data is {{ti.xcom_pull(key = 'fetch_data', task_ids = 'fetch_data') }}\"'\n","lineno":24,"msg":"invalid syntax"},"is_cause":false,"frames":[{"filename":"/home/airflow/.local/lib/python3.13/site-packages/airflow/dag_processing/importers/python_importer.py","lineno":238,"name":"parse"},{"filename":"<frozen importlib._bootstrap_external>","lineno":1019,"name":"exec_module"},{"filename":"<frozen importlib._bootstrap_external>","lineno":1157,"name":"get_code"},{"filename":"<frozen importlib._bootstrap_external>","lineno":1087,"name":"source_to_code"},{"filename":"<frozen importlib._bootstrap>","lineno":488,"name":"_call_with_frames_removed"}],"is_group":false,"exceptions":[]}]}
{"timestamp":"2026-09-09T15:14:28.994135Z","level":"error","event":"Error loading DAG from 01_xcoms_bash_dag.py: invalid syntax (01_xcoms_bash_dag.py, line 24)","logger":"airflow.dag_processing.dagbag.BundleDagBag","filename":"dagbag.py","lineno":319}
{"timestamp":"2026-09-09T15:14:59.771593Z","level":"info","event":"Filling up the DagBag from /opt/airflow/dags/01_xcoms_bash_dag.py","logger":"airflow.dag_processing.dagbag.BundleDagBag","filename":"dagbag.py","lineno":460}
{"timestamp":"2026-09-09T15:14:59.784054Z","level":"error","event":"Failed to import: /opt/airflow/dags/01_xcoms_bash_dag.py","logger":"airflow.dag_processing.importers.python_importer","filename":"python_importer.py","lineno":244,"error_detail":[{"exc_type":"SyntaxError","exc_value":"invalid syntax (01_xcoms_bash_dag.py, line 24)","exc_notes":[],"syntax_error":{"offset":87,"filename":"/opt/airflow/dags/01_xcoms_bash_dag.py","line":"        return 'echo \"This is a bash task!. The fetched data is {{ti.xcom_pull(key = 'fetch_data', task_ids = 'fetch_data') }}\"'\n","lineno":24,"msg":"invalid syntax"},"is_cause":false,"frames":[{"filename":"/home/airflow/.local/lib/python3.13/site-packages/airflow/dag_processing/importers/python_importer.py","lineno":238,"name":"parse"},{"filename":"<frozen importlib._bootstrap_external>","lineno":1019,"name":"exec_module"},{"filename":"<frozen importlib._bootstrap_external>","lineno":1157,"name":"get_code"},{"filename":"<frozen importlib._bootstrap_external>","lineno":1087,"name":"source_to_code"},{"filename":"<frozen importlib._bootstrap>","lineno":488,"name":"_call_with_frames_removed"}],"is_group":false,"exceptions":[]}]}
{"timestamp":"2026-09-09T15:14:59.785968Z","level":"error","event":"Error loading DAG from 01_xcoms_bash_dag.py: invalid syntax (01_xcoms_bash_dag.py, line 24)","logger":"airflow.dag_processing.dagbag.BundleDagBag","filename":"dagbag.py","lineno":319}
{"timestamp":"2026-09-09T15:15:30.349853Z","level":"info","event":"Filling up the DagBag from /opt/airflow/dags/01_xcoms_bash_dag.py","logger":"airflow.dag_processing.dagbag.BundleDagBag","filename":"dagbag.py","lineno":460}
{"timestamp":"2026-09-09T15:15:30.382896Z","level":"error","event":"Failed to import: /opt/airflow/dags/01_xcoms_bash_dag.py","logger":"airflow.dag_processing.importers.python_importer","filename":"python_importer.py","lineno":244,"error_detail":[{"exc_type":"SyntaxError","exc_value":"invalid syntax (01_xcoms_bash_dag.py, line 24)","exc_notes":[],"syntax_error":{"offset":87,"filename":"/opt/airflow/dags/01_xcoms_bash_dag.py","line":"        return 'echo \"This is a bash task!. The fetched data is {{ti.xcom_pull(key = 'fetch_data', task_ids = 'fetch_data') }}\"'\n","lineno":24,"msg":"invalid syntax"},"is_cause":false,"frames":[{"filename":"/home/airflow/.local/lib/python3.13/site-packages/airflow/dag_processing/importers/python_importer.py","lineno":238,"name":"parse"},{"filename":"<frozen importlib._bootstrap_external>","lineno":1019,"name":"exec_module"},{"filename":"<frozen importlib._bootstrap_external>","lineno":1157,"name":"get_code"},{"filename":"<frozen importlib._bootstrap_external>","lineno":1087,"name":"source_to_code"},{"filename":"<frozen importlib._bootstrap>","lineno":488,"name":"_call_with_frames_removed"}],"is_group":false,"exceptions":[]}]}
{"timestamp":"2026-09-09T15:15:30.386059Z","level":"error","event":"Error loading DAG from 01_xcoms_bash_dag.py: invalid syntax (01_xcoms_bash_dag.py, line 24)","logger":"airflow.dag_processing.dagbag.BundleDagBag","filename":"dagbag.py","lineno":319}
{"timestamp":"2026-09-09T15:15:35.112782Z","level":"info","event":"Filling up the DagBag from /opt/airflow/dags/01_xcoms_bash_dag.py","logger":"airflow.dag_processing.dagbag.BundleDagBag","filename":"dagbag.py","lineno":460}
{"timestamp":"2026-09-09T15:15:35.134153Z","level":"error","event":"Failed to import: /opt/airflow/dags/01_xcoms_bash_dag.py","logger":"airflow.dag_processing.importers.python_importer","filename":"python_importer.py","lineno":244,"error_detail":[{"exc_type":"SyntaxError","exc_value":"invalid syntax (01_xcoms_bash_dag.py, line 24)","exc_notes":[],"syntax_error":{"offset":88,"filename":"/opt/airflow/dags/01_xcoms_bash_dag.py","line":"        return 'echo \"This is a bash task!. The fetched data is {{ ti.xcom_pull(key = 'fetch_data', task_ids = 'fetch_data') }}\"'\n","lineno":24,"msg":"invalid syntax"},"is_cause":false,"frames":[{"filename":"/home/airflow/.local/lib/python3.13/site-packages/airflow/dag_processing/importers/python_importer.py","lineno":238,"name":"parse"},{"filename":"<frozen importlib._bootstrap_external>","lineno":1019,"name":"exec_module"},{"filename":"<frozen importlib._bootstrap_external>","lineno":1157,"name":"get_code"},{"filename":"<frozen importlib._bootstrap_external>","lineno":1087,"name":"source_to_code"},{"filename":"<frozen importlib._bootstrap>","lineno":488,"name":"_call_with_frames_removed"}],"is_group":false,"exceptions":[]}]}
{"timestamp":"2026-09-09T15:15:35.136966Z","level":"error","event":"Error loading DAG from 01_xcoms_bash_dag.py: invalid syntax (01_xcoms_bash_dag.py, line 24)","logger":"airflow.dag_processing.dagbag.BundleDagBag","filename":"dagbag.py","lineno":319}
{"timestamp":"2026-09-09T15:15:51.859032Z","level":"info","event":"Filling up the DagBag from /opt/airflow/dags/01_xcoms_bash_dag.py","logger":"airflow.dag_processing.dagbag.BundleDagBag","filename":"dagbag.py","lineno":460}
{"timestamp":"2026-09-09T15:15:51.866679Z","level":"error","event":"Failed to import: /opt/airflow/dags/01_xcoms_bash_dag.py","logger":"airflow.dag_processing.importers.python_importer","filename":"python_importer.py","lineno":244,"error_detail":[{"exc_type":"SyntaxError","exc_value":"invalid syntax (01_xcoms_bash_dag.py, line 24)","exc_notes":[],"syntax_error":{"offset":88,"filename":"/opt/airflow/dags/01_xcoms_bash_dag.py","line":"        return 'echo \"This is a bash task!. The fetched data is {{ ti.xcom_pull(key = 'fetch_data', task_ids = 'fetch_data') }}\"'\n","lineno":24,"msg":"invalid syntax"},"is_cause":false,"frames":[{"filename":"/home/airflow/.local/lib/python3.13/site-packages/airflow/dag_processing/importers/python_importer.py","lineno":238,"name":"parse"},{"filename":"<frozen importlib._bootstrap_external>","lineno":1019,"name":"exec_module"},{"filename":"<frozen importlib._bootstrap_external>","lineno":1157,"name":"get_code"},{"filename":"<frozen importlib._bootstrap_external>","lineno":1087,"name":"source_to_code"},{"filename":"<frozen importlib._bootstrap>","lineno":488,"name":"_call_with_frames_removed"}],"is_group":false,"exceptions":[]}]}
{"timestamp":"2026-09-09T15:15:51.868033Z","level":"error","event":"Error loading DAG from 01_xcoms_bash_dag.py: invalid syntax (01_xcoms_bash_dag.py, line 24)","logger":"airflow.dag_processing.dagbag.BundleDagBag","filename":"dagbag.py","lineno":319}
{"timestamp":"2026-09-09T15:16:23.207051Z","level":"info","event":"Filling up the DagBag from /opt/airflow/dags/01_xcoms_bash_dag.py","logger":"airflow.dag_processing.dagbag.BundleDagBag","filename":"dagbag.py","lineno":460}
{"timestamp":"2026-09-09T15:16:23.215818Z","level":"error","event":"Failed to import: /opt/airflow/dags/01_xcoms_bash_dag.py","logger":"airflow.dag_processing.importers.python_importer","filename":"python_importer.py","lineno":244,"error_detail":[{"exc_type":"SyntaxError","exc_value":"invalid syntax (01_xcoms_bash_dag.py, line 24)","exc_notes":[],"syntax_error":{"offset":88,"filename":"/opt/airflow/dags/01_xcoms_bash_dag.py","line":"        return 'echo \"This is a bash task!. The fetched data is {{ ti.xcom_pull(key = 'fetch_data', task_ids = 'fetch_data') }}\"'\n","lineno":24,"msg":"invalid syntax"},"is_cause":false,"frames":[{"filename":"/home/airflow/.local/lib/python3.13/site-packages/airflow/dag_processing/importers/python_importer.py","lineno":238,"name":"parse"},{"filename":"<frozen importlib._bootstrap_external>","lineno":1019,"name":"exec_module"},{"filename":"<frozen importlib._bootstrap_external>","lineno":1157,"name":"get_code"},{"filename":"<frozen importlib._bootstrap_external>","lineno":1087,"name":"source_to_code"},{"filename":"<frozen importlib._bootstrap>","lineno":488,"name":"_call_with_frames_removed"}],"is_group":false,"exceptions":[]}]}
{"timestamp":"2026-09-09T15:16:23.217541Z","level":"error","event":"Error loading DAG from 01_xcoms_bash_dag.py: invalid syntax (01_xcoms_bash_dag.py, line 24)","logger":"airflow.dag_processing.dagbag.BundleDagBag","filename":"dagbag.py","lineno":319}
{"timestamp":"2026-09-09T15:16:53.607311Z","level":"info","event":"Filling up the DagBag from /opt/airflow/dags/01_xcoms_bash_dag.py","logger":"airflow.dag_processing.dagbag.BundleDagBag","filename":"dagbag.py","lineno":460}
{"timestamp":"2026-09-09T15:16:53.622098Z","level":"error","event":"Failed to import: /opt/airflow/dags/01_xcoms_bash_dag.py","logger":"airflow.dag_processing.importers.python_importer","filename":"python_importer.py","lineno":244,"error_detail":[{"exc_type":"SyntaxError","exc_value":"invalid syntax (01_xcoms_bash_dag.py, line 24)","exc_notes":[],"syntax_error":{"offset":88,"filename":"/opt/airflow/dags/01_xcoms_bash_dag.py","line":"        return 'echo \"This is a bash task!. The fetched data is {{ ti.xcom_pull(key = 'fetch_data', task_ids = 'fetch_data') }}\"'\n","lineno":24,"msg":"invalid syntax"},"is_cause":false,"frames":[{"filename":"/home/airflow/.local/lib/python3.13/site-packages/airflow/dag_processing/importers/python_importer.py","lineno":238,"name":"parse"},{"filename":"<frozen importlib._bootstrap_external>","lineno":1019,"name":"exec_module"},{"filename":"<frozen importlib._bootstrap_external>","lineno":1157,"name":"get_code"},{"filename":"<frozen importlib._bootstrap_external>","lineno":1087,"name":"source_to_code"},{"filename":"<frozen importlib._bootstrap>","lineno":488,"name":"_call_with_frames_removed"}],"is_group":false,"exceptions":[]}]}
{"timestamp":"2026-09-09T15:16:53.623565Z","level":"error","event":"Error loading DAG from 01_xcoms_bash_dag.py: invalid syntax (01_xcoms_bash_dag.py, line 24)","logger":"airflow.dag_processing.dagbag.BundleDagBag","filename":"dagbag.py","lineno":319}
{"timestamp":"2026-09-09T15:17:23.788036Z","level":"info","event":"Filling up the DagBag from /opt/airflow/dags/01_xcoms_bash_dag.py","logger":"airflow.dag_processing.dagbag.BundleDagBag","filename":"dagbag.py","lineno":460}
{"timestamp":"2026-09-09T15:17:23.794503Z","level":"error","event":"Failed to import: /opt/airflow/dags/01_xcoms_bash_dag.py","logger":"airflow.dag_processing.importers.python_importer","filename":"python_importer.py","lineno":244,"error_detail":[{"exc_type":"SyntaxError","exc_value":"invalid syntax (01_xcoms_bash_dag.py, line 24)","exc_notes":[],"syntax_error":{"offset":88,"filename":"/opt/airflow/dags/01_xcoms_bash_dag.py","line":"        return 'echo \"This is a bash task!. The fetched data is {{ ti.xcom_pull(key = 'fetch_data', task_ids = 'fetch_data') }}\"'\n","lineno":24,"msg":"invalid syntax"},"is_cause":false,"frames":[{"filename":"/home/airflow/.local/lib/python3.13/site-packages/airflow/dag_processing/importers/python_importer.py","lineno":238,"name":"parse"},{"filename":"<frozen importlib._bootstrap_external>","lineno":1019,"name":"exec_module"},{"filename":"<frozen importlib._bootstrap_external>","lineno":1157,"name":"get_code"},{"filename":"<frozen importlib._bootstrap_external>","lineno":1087,"name":"source_to_code"},{"filename":"<frozen importlib._bootstrap>","lineno":488,"name":"_call_with_frames_removed"}],"is_group":false,"exceptions":[]}]}
{"timestamp":"2026-09-09T15:17:23.795650Z","level":"error","event":"Error loading DAG from 01_xcoms_bash_dag.py: invalid syntax (01_xcoms_bash_dag.py, line 24)","logger":"airflow.dag_processing.dagbag.BundleDagBag","filename":"dagbag.py","lineno":319}
{"timestamp":"2026-09-09T15:17:30.095946Z","level":"info","event":"Filling up the DagBag from /opt/airflow/dags/01_xcoms_bash_dag.py","logger":"airflow.dag_processing.dagbag.BundleDagBag","filename":"dagbag.py","lineno":460}
{"timestamp":"2026-09-09T15:18:00.201232Z","level":"info","event":"Filling up the DagBag from /opt/airflow/dags/01_xcoms_bash_dag.py","logger":"airflow.dag_processing.dagbag.BundleDagBag","filename":"dagbag.py","lineno":460}
{"timestamp":"2026-09-09T15:18:30.885587Z","level":"info","event":"Filling up the DagBag from /opt/airflow/dags/01_xcoms_bash_dag.py","logger":"airflow.dag_processing.dagbag.BundleDagBag","filename":"dagbag.py","lineno":460}
{"timestamp":"2026-09-09T15:19:01.207811Z","level":"info","event":"Filling up the DagBag from /opt/airflow/dags/01_xcoms_bash_dag.py","logger":"airflow.dag_processing.dagbag.BundleDagBag","filename":"dagbag.py","lineno":460}
{"timestamp":"2026-09-09T15:19:32.228207Z","level":"info","event":"Filling up the DagBag from /opt/airflow/dags/01_xcoms_bash_dag.py","logger":"airflow.dag_processing.dagbag.BundleDagBag","filename":"dagbag.py","lineno":460}
{"timestamp":"2026-09-09T15:20:02.515962Z","level":"info","event":"Filling up the DagBag from /opt/airflow/dags/01_xcoms_bash_dag.py","logger":"airflow.dag_processing.dagbag.BundleDagBag","filename":"dagbag.py","lineno":460}
{"timestamp":"2026-09-09T15:20:32.795287Z","level":"info","event":"Filling up the DagBag from /opt/airflow/dags/01_xcoms_bash_dag.py","logger":"airflow.dag_processing.dagbag.BundleDagBag","filename":"dagbag.py","lineno":460}
{"timestamp":"2026-09-09T15:21:03.952603Z","level":"info","event":"Filling up the DagBag from /opt/airflow/dags/01_xcoms_bash_dag.py","logger":"airflow.dag_processing.dagbag.BundleDagBag","filename":"dagbag.py","lineno":460}
{"timestamp":"2026-09-09T15:21:34.191364Z","level":"info","event":"Filling up the DagBag from /opt/airflow/dags/01_xcoms_bash_dag.py","logger":"airflow.dag_processing.dagbag.BundleDagBag","filename":"dagbag.py","lineno":460}
{"timestamp":"2026-09-09T15:22:05.260175Z","level":"info","event":"Filling up the DagBag from /opt/airflow/dags/01_xcoms_bash_dag.py","logger":"airflow.dag_processing.dagbag.BundleDagBag","filename":"dagbag.py","lineno":460}
{"timestamp":"2026-09-09T15:22:36.308907Z","level":"info","event":"Filling up the DagBag from /opt/airflow/dags/01_xcoms_bash_dag.py","logger":"airflow.dag_processing.dagbag.BundleDagBag","filename":"dagbag.py","lineno":460}
{"timestamp":"2026-09-09T15:23:07.294028Z","level":"info","event":"Filling up the DagBag from /opt/airflow/dags/01_xcoms_bash_dag.py","logger":"airflow.dag_processing.dagbag.BundleDagBag","filename":"dagbag.py","lineno":460}
{"timestamp":"2026-09-09T15:23:37.751105Z","level":"info","event":"Filling up the DagBag from /opt/airflow/dags/01_xcoms_bash_dag.py","logger":"airflow.dag_processing.dagbag.BundleDagBag","filename":"dagbag.py","lineno":460}
{"timestamp":"2026-09-09T15:24:08.818349Z","level":"info","event":"Filling up the DagBag from /opt/airflow/dags/01_xcoms_bash_dag.py","logger":"airflow.dag_processing.dagbag.BundleDagBag","filename":"dagbag.py","lineno":460}
{"timestamp":"2026-09-09T15:24:39.684825Z","level":"info","event":"Filling up the DagBag from /opt/airflow/dags/01_xcoms_bash_dag.py","logger":"airflow.dag_processing.dagbag.BundleDagBag","filename":"dagbag.py","lineno":460}
{"timestamp":"2026-09-09T15:25:10.813832Z","level":"info","event":"Filling up the DagBag from /opt/airflow/dags/01_xcoms_bash_dag.py","logger":"airflow.dag_processing.dagbag.BundleDagBag","filename":"dagbag.py","lineno":460}
{"timestamp":"2026-09-09T15:25:41.957230Z","level":"info","event":"Filling up the DagBag from /opt/airflow/dags/01_xcoms_bash_dag.py","logger":"airflow.dag_processing.dagbag.BundleDagBag","filename":"dagbag.py","lineno":460}
{"timestamp":"2026-09-09T15:26:12.198874Z","level":"info","event":"Filling up the DagBag from /opt/airflow/dags/01_xcoms_bash_dag.py","logger":"airflow.dag_processing.dagbag.BundleDagBag","filename":"dagbag.py","lineno":460}
{"timestamp":"2026-09-09T15:26:43.349036Z","level":"info","event":"Filling up the DagBag from /opt/airflow/dags/01_xcoms_bash_dag.py","logger":"airflow.dag_processing.dagbag.BundleDagBag","filename":"dagbag.py","lineno":460}
{"timestamp":"2026-09-09T15:27:13.555983Z","level":"info","event":"Filling up the DagBag from /opt/airflow/dags/01_xcoms_bash_dag.py","logger":"airflow.dag_processing.dagbag.BundleDagBag","filename":"dagbag.py","lineno":460}
{"timestamp":"2026-09-09T15:27:44.295862Z","level":"info","event":"Filling up the DagBag from /opt/airflow/dags/01_xcoms_bash_dag.py","logger":"airflow.dag_processing.dagbag.BundleDagBag","filename":"dagbag.py","lineno":460}
{"timestamp":"2026-09-09T15:28:15.018102Z","level":"info","event":"Filling up the DagBag from /opt/airflow/dags/01_xcoms_bash_dag.py","logger":"airflow.dag_processing.dagbag.BundleDagBag","filename":"dagbag.py","lineno":460}
{"timestamp":"2026-09-09T15:28:45.607836Z","level":"info","event":"Filling up the DagBag from /opt/airflow/dags/01_xcoms_bash_dag.py","logger":"airflow.dag_processing.dagbag.BundleDagBag","filename":"dagbag.py","lineno":460}
{"timestamp":"2026-09-09T15:29:16.658607Z","level":"info","event":"Filling up the DagBag from /opt/airflow/dags/01_xcoms_bash_dag.py","logger":"airflow.dag_processing.dagbag.BundleDagBag","filename":"dagbag.py","lineno":460}
{"timestamp":"2026-09-09T15:29:47.838039Z","level":"info","event":"Filling up the DagBag from /opt/airflow/dags/01_xcoms_bash_dag.py","logger":"airflow.dag_processing.dagbag.BundleDagBag","filename":"dagbag.py","lineno":460}
{"timestamp":"2026-09-09T15:30:18.993753Z","level":"info","event":"Filling up the DagBag from /opt/airflow/dags/01_xcoms_bash_dag.py","logger":"airflow.dag_processing.dagbag.BundleDagBag","filename":"dagbag.py","lineno":460}
{"timestamp":"2026-09-09T15:30:49.168103Z","level":"info","event":"Filling up the DagBag from /opt/airflow/dags/01_xcoms_bash_dag.py","logger":"airflow.dag_processing.dagbag.BundleDagBag","filename":"dagbag.py","lineno":460}
{"timestamp":"2026-09-09T15:31:19.753839Z","level":"info","event":"Filling up the DagBag from /opt/airflow/dags/01_xcoms_bash_dag.py","logger":"airflow.dag_processing.dagbag.BundleDagBag","filename":"dagbag.py","lineno":460}
{"timestamp":"2026-09-09T15:31:50.179995Z","level":"info","event":"Filling up the DagBag from /opt/airflow/dags/01_xcoms_bash_dag.py","logger":"airflow.dag_processing.dagbag.BundleDagBag","filename":"dagbag.py","lineno":460}
{"timestamp":"2026-09-09T15:32:20.349602Z","level":"info","event":"Filling up the DagBag from /opt/airflow/dags/01_xcoms_bash_dag.py","logger":"airflow.dag_processing.dagbag.BundleDagBag","filename":"dagbag.py","lineno":460}
{"timestamp":"2026-09-09T15:32:51.387246Z","level":"info","event":"Filling up the DagBag from /opt/airflow/dags/01_xcoms_bash_dag.py","logger":"airflow.dag_processing.dagbag.BundleDagBag","filename":"dagbag.py","lineno":460}
{"timestamp":"2026-09-09T15:33:21.512414Z","level":"info","event":"Filling up the DagBag from /opt/airflow/dags/01_xcoms_bash_dag.py","logger":"airflow.dag_processing.dagbag.BundleDagBag","filename":"dagbag.py","lineno":460}
{"timestamp":"2026-09-09T15:33:51.763386Z","level":"info","event":"Filling up the DagBag from /opt/airflow/dags/01_xcoms_bash_dag.py","logger":"airflow.dag_processing.dagbag.BundleDagBag","filename":"dagbag.py","lineno":460}
{"timestamp":"2026-09-09T15:34:22.929491Z","level":"info","event":"Filling up the DagBag from /opt/airflow/dags/01_xcoms_bash_dag.py","logger":"airflow.dag_processing.dagbag.BundleDagBag","filename":"dagbag.py","lineno":460}
{"timestamp":"2026-09-09T15:34:53.192989Z","level":"info","event":"Filling up the DagBag from /opt/airflow/dags/01_xcoms_bash_dag.py","logger":"airflow.dag_processing.dagbag.BundleDagBag","filename":"dagbag.py","lineno":460}
{"timestamp":"2026-09-09T15:35:24.267210Z","level":"info","event":"Filling up the DagBag from /opt/airflow/dags/01_xcoms_bash_dag.py","logger":"airflow.dag_processing.dagbag.BundleDagBag","filename":"dagbag.py","lineno":460}
{"timestamp":"2026-09-09T15:35:55.307353Z","level":"info","event":"Filling up the DagBag from /opt/airflow/dags/01_xcoms_bash_dag.py","logger":"airflow.dag_processing.dagbag.BundleDagBag","filename":"dagbag.py","lineno":460}
{"timestamp":"2026-09-09T15:36:25.540756Z","level":"info","event":"Filling up the DagBag from /opt/airflow/dags/01_xcoms_bash_dag.py","logger":"airflow.dag_processing.dagbag.BundleDagBag","filename":"dagbag.py","lineno":460}
{"timestamp":"2026-09-09T15:36:55.702900Z","level":"info","event":"Filling up the DagBag from /opt/airflow/dags/01_xcoms_bash_dag.py","logger":"airflow.dag_processing.dagbag.BundleDagBag","filename":"dagbag.py","lineno":460}
{"timestamp":"2026-09-09T15:37:26.660240Z","level":"info","event":"Filling up the DagBag from /opt/airflow/dags/01_xcoms_bash_dag.py","logger":"airflow.dag_processing.dagbag.BundleDagBag","filename":"dagbag.py","lineno":460}
{"timestamp":"2026-09-09T15:37:57.181132Z","level":"info","event":"Filling up the DagBag from /opt/airflow/dags/01_xcoms_bash_dag.py","logger":"airflow.dag_processing.dagbag.BundleDagBag","filename":"dagbag.py","lineno":460}
{"timestamp":"2026-09-09T15:38:28.350146Z","level":"info","event":"Filling up the DagBag from /opt/airflow/dags/01_xcoms_bash_dag.py","logger":"airflow.dag_processing.dagbag.BundleDagBag","filename":"dagbag.py","lineno":460}
{"timestamp":"2026-09-09T15:38:59.308051Z","level":"info","event":"Filling up the DagBag from /opt/airflow/dags/01_xcoms_bash_dag.py","logger":"airflow.dag_processing.dagbag.BundleDagBag","filename":"dagbag.py","lineno":460}
{"timestamp":"2026-09-09T15:39:30.388178Z","level":"info","event":"Filling up the DagBag from /opt/airflow/dags/01_xcoms_bash_dag.py","logger":"airflow.dag_processing.dagbag.BundleDagBag","filename":"dagbag.py","lineno":460}
{"timestamp":"2026-09-09T15:40:01.481943Z","level":"info","event":"Filling up the DagBag from /opt/airflow/dags/01_xcoms_bash_dag.py","logger":"airflow.dag_processing.dagbag.BundleDagBag","filename":"dagbag.py","lineno":460}
{"timestamp":"2026-09-09T15:40:32.637459Z","level":"info","event":"Filling up the DagBag from /opt/airflow/dags/01_xcoms_bash_dag.py","logger":"airflow.dag_processing.dagbag.BundleDagBag","filename":"dagbag.py","lineno":460}
{"timestamp":"2026-09-09T15:41:03.800407Z","level":"info","event":"Filling up the DagBag from /opt/airflow/dags/01_xcoms_bash_dag.py","logger":"airflow.dag_processing.dagbag.BundleDagBag","filename":"dagbag.py","lineno":460}
{"timestamp":"2026-09-09T15:41:34.853170Z","level":"info","event":"Filling up the DagBag from /opt/airflow/dags/01_xcoms_bash_dag.py","logger":"airflow.dag_processing.dagbag.BundleDagBag","filename":"dagbag.py","lineno":460}
{"timestamp":"2026-09-09T15:42:05.894939Z","level":"info","event":"Filling up the DagBag from /opt/airflow/dags/01_xcoms_bash_dag.py","logger":"airflow.dag_processing.dagbag.BundleDagBag","filename":"dagbag.py","lineno":460}
{"timestamp":"2026-09-09T15:42:36.936761Z","level":"info","event":"Filling up the DagBag from /opt/airflow/dags/01_xcoms_bash_dag.py","logger":"airflow.dag_processing.dagbag.BundleDagBag","filename":"dagbag.py","lineno":460}
{"timestamp":"2026-09-09T15:43:07.954647Z","level":"info","event":"Filling up the DagBag from /opt/airflow/dags/01_xcoms_bash_dag.py","logger":"airflow.dag_processing.dagbag.BundleDagBag","filename":"dagbag.py","lineno":460}
{"timestamp":"2026-09-09T15:43:38.119397Z","level":"info","event":"Filling up the DagBag from /opt/airflow/dags/01_xcoms_bash_dag.py","logger":"airflow.dag_processing.dagbag.BundleDagBag","filename":"dagbag.py","lineno":460}
{"timestamp":"2026-09-09T15:44:08.391563Z","level":"info","event":"Filling up the DagBag from /opt/airflow/dags/01_xcoms_bash_dag.py","logger":"airflow.dag_processing.dagbag.BundleDagBag","filename":"dagbag.py","lineno":460}
{"timestamp":"2026-09-09T15:44:39.494436Z","level":"info","event":"Filling up the DagBag from /opt/airflow/dags/01_xcoms_bash_dag.py","logger":"airflow.dag_processing.dagbag.BundleDagBag","filename":"dagbag.py","lineno":460}
{"timestamp":"2026-09-09T15:45:09.758913Z","level":"info","event":"Filling up the DagBag from /opt/airflow/dags/01_xcoms_bash_dag.py","logger":"airflow.dag_processing.dagbag.BundleDagBag","filename":"dagbag.py","lineno":460}
{"timestamp":"2026-09-09T15:45:39.957089Z","level":"info","event":"Filling up the DagBag from /opt/airflow/dags/01_xcoms_bash_dag.py","logger":"airflow.dag_processing.dagbag.BundleDagBag","filename":"dagbag.py","lineno":460}
{"timestamp":"2026-09-09T15:46:11.042760Z","level":"info","event":"Filling up the DagBag from /opt/airflow/dags/01_xcoms_bash_dag.py","logger":"airflow.dag_processing.dagbag.BundleDagBag","filename":"dagbag.py","lineno":460}
{"timestamp":"2026-09-09T15:46:42.185229Z","level":"info","event":"Filling up the DagBag from /opt/airflow/dags/01_xcoms_bash_dag.py","logger":"airflow.dag_processing.dagbag.BundleDagBag","filename":"dagbag.py","lineno":460}
{"timestamp":"2026-09-09T15:47:13.283548Z","level":"info","event":"Filling up the DagBag from /opt/airflow/dags/01_xcoms_bash_dag.py","logger":"airflow.dag_processing.dagbag.BundleDagBag","filename":"dagbag.py","lineno":460}
{"timestamp":"2026-09-09T15:47:44.349926Z","level":"info","event":"Filling up the DagBag from /opt/airflow/dags/01_xcoms_bash_dag.py","logger":"airflow.dag_processing.dagbag.BundleDagBag","filename":"dagbag.py","lineno":460}
{"timestamp":"2026-09-09T15:48:15.428764Z","level":"info","event":"Filling up the DagBag from /opt/airflow/dags/01_xcoms_bash_dag.py","logger":"airflow.dag_processing.dagbag.BundleDagBag","filename":"dagbag.py","lineno":460}
{"timestamp":"2026-09-09T15:48:46.562097Z","level":"info","event":"Filling up the DagBag from /opt/airflow/dags/01_xcoms_bash_dag.py","logger":"airflow.dag_processing.dagbag.BundleDagBag","filename":"dagbag.py","lineno":460}
{"timestamp":"2026-09-09T15:49:17.678431Z","level":"info","event":"Filling up the DagBag from /opt/airflow/dags/01_xcoms_bash_dag.py","logger":"airflow.dag_processing.dagbag.BundleDagBag","filename":"dagbag.py","lineno":460}
{"timestamp":"2026-09-09T15:49:47.872231Z","level":"info","event":"Filling up the DagBag from /opt/airflow/dags/01_xcoms_bash_dag.py","logger":"airflow.dag_processing.dagbag.BundleDagBag","filename":"dagbag.py","lineno":460}
{"timestamp":"2026-09-09T15:50:18.058542Z","level":"info","event":"Filling up the DagBag from /opt/airflow/dags/01_xcoms_bash_dag.py","logger":"airflow.dag_processing.dagbag.BundleDagBag","filename":"dagbag.py","lineno":460}
{"timestamp":"2026-09-09T15:50:48.249671Z","level":"info","event":"Filling up the DagBag from /opt/airflow/dags/01_xcoms_bash_dag.py","logger":"airflow.dag_processing.dagbag.BundleDagBag","filename":"dagbag.py","lineno":460}
{"timestamp":"2026-09-09T15:51:18.762946Z","level":"info","event":"Filling up the DagBag from /opt/airflow/dags/01_xcoms_bash_dag.py","logger":"airflow.dag_processing.dagbag.BundleDagBag","filename":"dagbag.py","lineno":460}
{"timestamp":"2026-09-09T15:51:49.903847Z","level":"info","event":"Filling up the DagBag from /opt/airflow/dags/01_xcoms_bash_dag.py","logger":"airflow.dag_processing.dagbag.BundleDagBag","filename":"dagbag.py","lineno":460}
{"timestamp":"2026-09-09T15:52:20.054810Z","level":"info","event":"Filling up the DagBag from /opt/airflow/dags/01_xcoms_bash_dag.py","logger":"airflow.dag_processing.dagbag.BundleDagBag","filename":"dagbag.py","lineno":460}
{"timestamp":"2026-09-09T15:52:50.344754Z","level":"info","event":"Filling up the DagBag from /opt/airflow/dags/01_xcoms_bash_dag.py","logger":"airflow.dag_processing.dagbag.BundleDagBag","filename":"dagbag.py","lineno":460}
{"timestamp":"2026-09-09T15:53:20.629722Z","level":"info","event":"Filling up the DagBag from /opt/airflow/dags/01_xcoms_bash_dag.py","logger":"airflow.dag_processing.dagbag.BundleDagBag","filename":"dagbag.py","lineno":460}
{"timestamp":"2026-09-09T15:53:50.884592Z","level":"info","event":"Filling up the DagBag from /opt/airflow/dags/01_xcoms_bash_dag.py","logger":"airflow.dag_processing.dagbag.BundleDagBag","filename":"dagbag.py","lineno":460}
{"timestamp":"2026-09-09T15:54:21.092455Z","level":"info","event":"Filling up the DagBag from /opt/airflow/dags/01_xcoms_bash_dag.py","logger":"airflow.dag_processing.dagbag.BundleDagBag","filename":"dagbag.py","lineno":460}
{"timestamp":"2026-09-09T15:54:51.485143Z","level":"info","event":"Filling up the DagBag from /opt/airflow/dags/01_xcoms_bash_dag.py","logger":"airflow.dag_processing.dagbag.BundleDagBag","filename":"dagbag.py","lineno":460}
{"timestamp":"2026-09-09T15:55:22.595011Z","level":"info","event":"Filling up the DagBag from /opt/airflow/dags/01_xcoms_bash_dag.py","logger":"airflow.dag_processing.dagbag.BundleDagBag","filename":"dagbag.py","lineno":460}
{"timestamp":"2026-09-09T15:55:53.451046Z","level":"info","event":"Filling up the DagBag from /opt/airflow/dags/01_xcoms_bash_dag.py","logger":"airflow.dag_processing.dagbag.BundleDagBag","filename":"dagbag.py","lineno":460}
{"timestamp":"2026-09-09T15:56:23.695421Z","level":"info","event":"Filling up the DagBag from /opt/airflow/dags/01_xcoms_bash_dag.py","logger":"airflow.dag_processing.dagbag.BundleDagBag","filename":"dagbag.py","lineno":460}
{"timestamp":"2026-09-09T15:56:54.033859Z","level":"info","event":"Filling up the DagBag from /opt/airflow/dags/01_xcoms_bash_dag.py","logger":"airflow.dag_processing.dagbag.BundleDagBag","filename":"dagbag.py","lineno":460}
{"timestamp":"2026-09-09T15:57:24.248757Z","level":"info","event":"Filling up the DagBag from /opt/airflow/dags/01_xcoms_bash_dag.py","logger":"airflow.dag_processing.dagbag.BundleDagBag","filename":"dagbag.py","lineno":460}
{"timestamp":"2026-09-09T15:57:54.455811Z","level":"info","event":"Filling up the DagBag from /opt/airflow/dags/01_xcoms_bash_dag.py","logger":"airflow.dag_processing.dagbag.BundleDagBag","filename":"dagbag.py","lineno":460}
{"timestamp":"2026-09-09T15:58:24.676569Z","level":"info","event":"Filling up the DagBag from /opt/airflow/dags/01_xcoms_bash_dag.py","logger":"airflow.dag_processing.dagbag.BundleDagBag","filename":"dagbag.py","lineno":460}
{"timestamp":"2026-09-09T15:58:54.863472Z","level":"info","event":"Filling up the DagBag from /opt/airflow/dags/01_xcoms_bash_dag.py","logger":"airflow.dag_processing.dagbag.BundleDagBag","filename":"dagbag.py","lineno":460}
{"timestamp":"2026-09-09T15:59:25.108983Z","level":"info","event":"Filling up the DagBag from /opt/airflow/dags/01_xcoms_bash_dag.py","logger":"airflow.dag_processing.dagbag.BundleDagBag","filename":"dagbag.py","lineno":460}
{"timestamp":"2026-09-09T15:59:56.191599Z","level":"info","event":"Filling up the DagBag from /opt/airflow/dags/01_xcoms_bash_dag.py","logger":"airflow.dag_processing.dagbag.BundleDagBag","filename":"dagbag.py","lineno":460}
{"timestamp":"2026-09-09T16:00:26.429863Z","level":"info","event":"Filling up the DagBag from /opt/airflow/dags/01_xcoms_bash_dag.py","logger":"airflow.dag_processing.dagbag.BundleDagBag","filename":"dagbag.py","lineno":460}
{"timestamp":"2026-09-09T16:00:56.628304Z","level":"info","event":"Filling up the DagBag from /opt/airflow/dags/01_xcoms_bash_dag.py","logger":"airflow.dag_processing.dagbag.BundleDagBag","filename":"dagbag.py","lineno":460}
{"timestamp":"2026-09-09T16:01:26.814155Z","level":"info","event":"Filling up the DagBag from /opt/airflow/dags/01_xcoms_bash_dag.py","logger":"airflow.dag_processing.dagbag.BundleDagBag","filename":"dagbag.py","lineno":460}
{"timestamp":"2026-09-09T16:01:56.986947Z","level":"info","event":"Filling up the DagBag from /opt/airflow/dags/01_xcoms_bash_dag.py","logger":"airflow.dag_processing.dagbag.BundleDagBag","filename":"dagbag.py","lineno":460}
{"timestamp":"2026-09-09T16:02:27.157030Z","level":"info","event":"Filling up the DagBag from /opt/airflow/dags/01_xcoms_bash_dag.py","logger":"airflow.dag_processing.dagbag.BundleDagBag","filename":"dagbag.py","lineno":460}
{"timestamp":"2026-09-09T16:02:58.203773Z","level":"info","event":"Filling up the DagBag from /opt/airflow/dags/01_xcoms_bash_dag.py","logger":"airflow.dag_processing.dagbag.BundleDagBag","filename":"dagbag.py","lineno":460}
{"timestamp":"2026-09-09T16:03:29.285464Z","level":"info","event":"Filling up the DagBag from /opt/airflow/dags/01_xcoms_bash_dag.py","logger":"airflow.dag_processing.dagbag.BundleDagBag","filename":"dagbag.py","lineno":460}
{"timestamp":"2026-09-09T16:04:00.427988Z","level":"info","event":"Filling up the DagBag from /opt/airflow/dags/01_xcoms_bash_dag.py","logger":"airflow.dag_processing.dagbag.BundleDagBag","filename":"dagbag.py","lineno":460}
{"timestamp":"2026-09-09T16:04:31.560578Z","level":"info","event":"Filling up the DagBag from /opt/airflow/dags/01_xcoms_bash_dag.py","logger":"airflow.dag_processing.dagbag.BundleDagBag","filename":"dagbag.py","lineno":460}
{"timestamp":"2026-09-09T16:05:02.678348Z","level":"info","event":"Filling up the DagBag from /opt/airflow/dags/01_xcoms_bash_dag.py","logger":"airflow.dag_processing.dagbag.BundleDagBag","filename":"dagbag.py","lineno":460}
{"timestamp":"2026-09-09T16:05:33.743441Z","level":"info","event":"Filling up the DagBag from /opt/airflow/dags/01_xcoms_bash_dag.py","logger":"airflow.dag_processing.dagbag.BundleDagBag","filename":"dagbag.py","lineno":460}
{"timestamp":"2026-09-09T16:06:04.766591Z","level":"info","event":"Filling up the DagBag from /opt/airflow/dags/01_xcoms_bash_dag.py","logger":"airflow.dag_processing.dagbag.BundleDagBag","filename":"dagbag.py","lineno":460}
{"timestamp":"2026-09-09T16:06:34.983945Z","level":"info","event":"Filling up the DagBag from /opt/airflow/dags/01_xcoms_bash_dag.py","logger":"airflow.dag_processing.dagbag.BundleDagBag","filename":"dagbag.py","lineno":460}
{"timestamp":"2026-09-09T16:07:06.097891Z","level":"info","event":"Filling up the DagBag from /opt/airflow/dags/01_xcoms_bash_dag.py","logger":"airflow.dag_processing.dagbag.BundleDagBag","filename":"dagbag.py","lineno":460}
{"timestamp":"2026-09-09T16:07:36.328640Z","level":"info","event":"Filling up the DagBag from /opt/airflow/dags/01_xcoms_bash_dag.py","logger":"airflow.dag_processing.dagbag.BundleDagBag","filename":"dagbag.py","lineno":460}
{"timestamp":"2026-09-09T16:08:07.417245Z","level":"info","event":"Filling up the DagBag from /opt/airflow/dags/01_xcoms_bash_dag.py","logger":"airflow.dag_processing.dagbag.BundleDagBag","filename":"dagbag.py","lineno":460}
{"timestamp":"2026-09-09T16:08:38.392855Z","level":"info","event":"Filling up the DagBag from /opt/airflow/dags/01_xcoms_bash_dag.py","logger":"airflow.dag_processing.dagbag.BundleDagBag","filename":"dagbag.py","lineno":460}
{"timestamp":"2026-09-09T16:09:09.469779Z","level":"info","event":"Filling up the DagBag from /opt/airflow/dags/01_xcoms_bash_dag.py","logger":"airflow.dag_processing.dagbag.BundleDagBag","filename":"dagbag.py","lineno":460}
{"timestamp":"2026-09-09T16:09:40.484400Z","level":"info","event":"Filling up the DagBag from /opt/airflow/dags/01_xcoms_bash_dag.py","logger":"airflow.dag_processing.dagbag.BundleDagBag","filename":"dagbag.py","lineno":460}
{"timestamp":"2026-09-09T16:10:11.459500Z","level":"info","event":"Filling up the DagBag from /opt/airflow/dags/01_xcoms_bash_dag.py","logger":"airflow.dag_processing.dagbag.BundleDagBag","filename":"dagbag.py","lineno":460}
{"timestamp":"2026-09-09T16:10:42.597788Z","level":"info","event":"Filling up the DagBag from /opt/airflow/dags/01_xcoms_bash_dag.py","logger":"airflow.dag_processing.dagbag.BundleDagBag","filename":"dagbag.py","lineno":460}
{"timestamp":"2026-09-09T16:11:13.674854Z","level":"info","event":"Filling up the DagBag from /opt/airflow/dags/01_xcoms_bash_dag.py","logger":"airflow.dag_processing.dagbag.BundleDagBag","filename":"dagbag.py","lineno":460}
{"timestamp":"2026-09-09T16:11:44.812494Z","level":"info","event":"Filling up the DagBag from /opt/airflow/dags/01_xcoms_bash_dag.py","logger":"airflow.dag_processing.dagbag.BundleDagBag","filename":"dagbag.py","lineno":460}
{"timestamp":"2026-09-09T16:12:15.949832Z","level":"info","event":"Filling up the DagBag from /opt/airflow/dags/01_xcoms_bash_dag.py","logger":"airflow.dag_processing.dagbag.BundleDagBag","filename":"dagbag.py","lineno":460}
{"timestamp":"2026-09-09T16:12:46.995417Z","level":"info","event":"Filling up the DagBag from /opt/airflow/dags/01_xcoms_bash_dag.py","logger":"airflow.dag_processing.dagbag.BundleDagBag","filename":"dagbag.py","lineno":460}
{"timestamp":"2026-09-09T16:13:18.041616Z","level":"info","event":"Filling up the DagBag from /opt/airflow/dags/01_xcoms_bash_dag.py","logger":"airflow.dag_processing.dagbag.BundleDagBag","filename":"dagbag.py","lineno":460}
{"timestamp":"2026-09-09T16:13:49.132633Z","level":"info","event":"Filling up the DagBag from /opt/airflow/dags/01_xcoms_bash_dag.py","logger":"airflow.dag_processing.dagbag.BundleDagBag","filename":"dagbag.py","lineno":460}
{"timestamp":"2026-09-09T16:14:20.204203Z","level":"info","event":"Filling up the DagBag from /opt/airflow/dags/01_xcoms_bash_dag.py","logger":"airflow.dag_processing.dagbag.BundleDagBag","filename":"dagbag.py","lineno":460}
{"timestamp":"2026-09-09T16:14:50.456652Z","level":"info","event":"Filling up the DagBag from /opt/airflow/dags/01_xcoms_bash_dag.py","logger":"airflow.dag_processing.dagbag.BundleDagBag","filename":"dagbag.py","lineno":460}
{"timestamp":"2026-09-09T16:15:21.564693Z","level":"info","event":"Filling up the DagBag from /opt/airflow/dags/01_xcoms_bash_dag.py","logger":"airflow.dag_processing.dagbag.BundleDagBag","filename":"dagbag.py","lineno":460}
{"timestamp":"2026-09-09T16:15:52.603922Z","level":"info","event":"Filling up the DagBag from /opt/airflow/dags/01_xcoms_bash_dag.py","logger":"airflow.dag_processing.dagbag.BundleDagBag","filename":"dagbag.py","lineno":460}
{"timestamp":"2026-09-09T16:16:23.746781Z","level":"info","event":"Filling up the DagBag from /opt/airflow/dags/01_xcoms_bash_dag.py","logger":"airflow.dag_processing.dagbag.BundleDagBag","filename":"dagbag.py","lineno":460}
{"timestamp":"2026-09-09T16:16:54.891331Z","level":"info","event":"Filling up the DagBag from /opt/airflow/dags/01_xcoms_bash_dag.py","logger":"airflow.dag_processing.dagbag.BundleDagBag","filename":"dagbag.py","lineno":460}
{"timestamp":"2026-09-09T16:17:25.993824Z","level":"info","event":"Filling up the DagBag from /opt/airflow/dags/01_xcoms_bash_dag.py","logger":"airflow.dag_processing.dagbag.BundleDagBag","filename":"dagbag.py","lineno":460}
{"timestamp":"2026-09-09T16:17:56.198983Z","level":"info","event":"Filling up the DagBag from /opt/airflow/dags/01_xcoms_bash_dag.py","logger":"airflow.dag_processing.dagbag.BundleDagBag","filename":"dagbag.py","lineno":460}
{"timestamp":"2026-09-09T16:18:27.316894Z","level":"info","event":"Filling up the DagBag from /opt/airflow/dags/01_xcoms_bash_dag.py","logger":"airflow.dag_processing.dagbag.BundleDagBag","filename":"dagbag.py","lineno":460}
{"timestamp":"2026-09-09T16:18:58.410862Z","level":"info","event":"Filling up the DagBag from /opt/airflow/dags/01_xcoms_bash_dag.py","logger":"airflow.dag_processing.dagbag.BundleDagBag","filename":"dagbag.py","lineno":460}
{"timestamp":"2026-09-09T16:19:28.634171Z","level":"info","event":"Filling up the DagBag from /opt/airflow/dags/01_xcoms_bash_dag.py","logger":"airflow.dag_processing.dagbag.BundleDagBag","filename":"dagbag.py","lineno":460}
{"timestamp":"2026-09-09T16:19:59.732974Z","level":"info","event":"Filling up the DagBag from /opt/airflow/dags/01_xcoms_bash_dag.py","logger":"airflow.dag_processing.dagbag.BundleDagBag","filename":"dagbag.py","lineno":460}
{"timestamp":"2026-09-09T16:20:30.853829Z","level":"info","event":"Filling up the DagBag from /opt/airflow/dags/01_xcoms_bash_dag.py","logger":"airflow.dag_processing.dagbag.BundleDagBag","filename":"dagbag.py","lineno":460}
{"timestamp":"2026-09-09T16:21:01.842051Z","level":"info","event":"Filling up the DagBag from /opt/airflow/dags/01_xcoms_bash_dag.py","logger":"airflow.dag_processing.dagbag.BundleDagBag","filename":"dagbag.py","lineno":460}
{"timestamp":"2026-09-09T16:21:32.927655Z","level":"info","event":"Filling up the DagBag from /opt/airflow/dags/01_xcoms_bash_dag.py","logger":"airflow.dag_processing.dagbag.BundleDagBag","filename":"dagbag.py","lineno":460}
{"timestamp":"2026-09-09T16:22:03.997133Z","level":"info","event":"Filling up the DagBag from /opt/airflow/dags/01_xcoms_bash_dag.py","logger":"airflow.dag_processing.dagbag.BundleDagBag","filename":"dagbag.py","lineno":460}
{"timestamp":"2026-09-09T16:22:35.044716Z","level":"info","event":"Filling up the DagBag from /opt/airflow/dags/01_xcoms_bash_dag.py","logger":"airflow.dag_processing.dagbag.BundleDagBag","filename":"dagbag.py","lineno":460}
{"timestamp":"2026-09-09T16:23:06.210019Z","level":"info","event":"Filling up the DagBag from /opt/airflow/dags/01_xcoms_bash_dag.py","logger":"airflow.dag_processing.dagbag.BundleDagBag","filename":"dagbag.py","lineno":460}
{"timestamp":"2026-09-09T16:23:37.290022Z","level":"info","event":"Filling up the DagBag from /opt/airflow/dags/01_xcoms_bash_dag.py","logger":"airflow.dag_processing.dagbag.BundleDagBag","filename":"dagbag.py","lineno":460}
{"timestamp":"2026-09-09T16:24:08.357873Z","level":"info","event":"Filling up the DagBag from /opt/airflow/dags/01_xcoms_bash_dag.py","logger":"airflow.dag_processing.dagbag.BundleDagBag","filename":"dagbag.py","lineno":460}
{"timestamp":"2026-09-09T16:24:39.395982Z","level":"info","event":"Filling up the DagBag from /opt/airflow/dags/01_xcoms_bash_dag.py","logger":"airflow.dag_processing.dagbag.BundleDagBag","filename":"dagbag.py","lineno":460}
{"timestamp":"2026-09-09T16:25:10.500927Z","level":"info","event":"Filling up the DagBag from /opt/airflow/dags/01_xcoms_bash_dag.py","logger":"airflow.dag_processing.dagbag.BundleDagBag","filename":"dagbag.py","lineno":460}
{"timestamp":"2026-09-09T16:25:41.596951Z","level":"info","event":"Filling up the DagBag from /opt/airflow/dags/01_xcoms_bash_dag.py","logger":"airflow.dag_processing.dagbag.BundleDagBag","filename":"dagbag.py","lineno":460}
{"timestamp":"2026-09-09T16:26:11.888793Z","level":"info","event":"Filling up the DagBag from /opt/airflow/dags/01_xcoms_bash_dag.py","logger":"airflow.dag_processing.dagbag.BundleDagBag","filename":"dagbag.py","lineno":460}
{"timestamp":"2026-09-09T16:26:43.028704Z","level":"info","event":"Filling up the DagBag from /opt/airflow/dags/01_xcoms_bash_dag.py","logger":"airflow.dag_processing.dagbag.BundleDagBag","filename":"dagbag.py","lineno":460}
{"timestamp":"2026-09-09T16:27:14.158754Z","level":"info","event":"Filling up the DagBag from /opt/airflow/dags/01_xcoms_bash_dag.py","logger":"airflow.dag_processing.dagbag.BundleDagBag","filename":"dagbag.py","lineno":460}
{"timestamp":"2026-09-09T16:27:45.269958Z","level":"info","event":"Filling up the DagBag from /opt/airflow/dags/01_xcoms_bash_dag.py","logger":"airflow.dag_processing.dagbag.BundleDagBag","filename":"dagbag.py","lineno":460}
{"timestamp":"2026-09-09T16:28:16.357841Z","level":"info","event":"Filling up the DagBag from /opt/airflow/dags/01_xcoms_bash_dag.py","logger":"airflow.dag_processing.dagbag.BundleDagBag","filename":"dagbag.py","lineno":460}
{"timestamp":"2026-09-09T16:28:46.614934Z","level":"info","event":"Filling up the DagBag from /opt/airflow/dags/01_xcoms_bash_dag.py","logger":"airflow.dag_processing.dagbag.BundleDagBag","filename":"dagbag.py","lineno":460}
{"timestamp":"2026-09-09T16:29:17.672512Z","level":"info","event":"Filling up the DagBag from /opt/airflow/dags/01_xcoms_bash_dag.py","logger":"airflow.dag_processing.dagbag.BundleDagBag","filename":"dagbag.py","lineno":460}
{"timestamp":"2026-09-09T16:29:48.819927Z","level":"info","event":"Filling up the DagBag from /opt/airflow/dags/01_xcoms_bash_dag.py","logger":"airflow.dag_processing.dagbag.BundleDagBag","filename":"dagbag.py","lineno":460}
{"timestamp":"2026-09-09T16:30:19.925650Z","level":"info","event":"Filling up the DagBag from /opt/airflow/dags/01_xcoms_bash_dag.py","logger":"airflow.dag_processing.dagbag.BundleDagBag","filename":"dagbag.py","lineno":460}
{"timestamp":"2026-09-09T16:30:51.034500Z","level":"info","event":"Filling up the DagBag from /opt/airflow/dags/01_xcoms_bash_dag.py","logger":"airflow.dag_processing.dagbag.BundleDagBag","filename":"dagbag.py","lineno":460}
{"timestamp":"2026-09-09T16:31:22.098998Z","level":"info","event":"Filling up the DagBag from /opt/airflow/dags/01_xcoms_bash_dag.py","logger":"airflow.dag_processing.dagbag.BundleDagBag","filename":"dagbag.py","lineno":460}
{"timestamp":"2026-09-09T16:31:53.220587Z","level":"info","event":"Filling up the DagBag from /opt/airflow/dags/01_xcoms_bash_dag.py","logger":"airflow.dag_processing.dagbag.BundleDagBag","filename":"dagbag.py","lineno":460}
{"timestamp":"2026-09-09T16:32:24.093044Z","level":"info","event":"Filling up the DagBag from /opt/airflow/dags/01_xcoms_bash_dag.py","logger":"airflow.dag_processing.dagbag.BundleDagBag","filename":"dagbag.py","lineno":460}
{"timestamp":"2026-09-09T16:32:55.134607Z","level":"info","event":"Filling up the DagBag from /opt/airflow/dags/01_xcoms_bash_dag.py","logger":"airflow.dag_processing.dagbag.BundleDagBag","filename":"dagbag.py","lineno":460}
{"timestamp":"2026-09-09T16:33:26.165086Z","level":"info","event":"Filling up the DagBag from /opt/airflow/dags/01_xcoms_bash_dag.py","logger":"airflow.dag_processing.dagbag.BundleDagBag","filename":"dagbag.py","lineno":460}
{"timestamp":"2026-09-09T16:33:56.325614Z","level":"info","event":"Filling up the DagBag from /opt/airflow/dags/01_xcoms_bash_dag.py","logger":"airflow.dag_processing.dagbag.BundleDagBag","filename":"dagbag.py","lineno":460}
{"timestamp":"2026-09-09T16:34:27.350355Z","level":"info","event":"Filling up the DagBag from /opt/airflow/dags/01_xcoms_bash_dag.py","logger":"airflow.dag_processing.dagbag.BundleDagBag","filename":"dagbag.py","lineno":460}
{"timestamp":"2026-09-09T16:34:58.469208Z","level":"info","event":"Filling up the DagBag from /opt/airflow/dags/01_xcoms_bash_dag.py","logger":"airflow.dag_processing.dagbag.BundleDagBag","filename":"dagbag.py","lineno":460}
{"timestamp":"2026-09-09T16:35:29.565220Z","level":"info","event":"Filling up the DagBag from /opt/airflow/dags/01_xcoms_bash_dag.py","logger":"airflow.dag_processing.dagbag.BundleDagBag","filename":"dagbag.py","lineno":460}
{"timestamp":"2026-09-09T16:35:59.751038Z","level":"info","event":"Filling up the DagBag from /opt/airflow/dags/01_xcoms_bash_dag.py","logger":"airflow.dag_processing.dagbag.BundleDagBag","filename":"dagbag.py","lineno":460}
{"timestamp":"2026-09-09T16:36:29.931139Z","level":"info","event":"Filling up the DagBag from /opt/airflow/dags/01_xcoms_bash_dag.py","logger":"airflow.dag_processing.dagbag.BundleDagBag","filename":"dagbag.py","lineno":460}
{"timestamp":"2026-09-09T16:37:00.180649Z","level":"info","event":"Filling up the DagBag from /opt/airflow/dags/01_xcoms_bash_dag.py","logger":"airflow.dag_processing.dagbag.BundleDagBag","filename":"dagbag.py","lineno":460}
{"timestamp":"2026-09-09T16:37:30.394473Z","level":"info","event":"Filling up the DagBag from /opt/airflow/dags/01_xcoms_bash_dag.py","logger":"airflow.dag_processing.dagbag.BundleDagBag","filename":"dagbag.py","lineno":460}
{"timestamp":"2026-09-09T16:38:01.330025Z","level":"info","event":"Filling up the DagBag from /opt/airflow/dags/01_xcoms_bash_dag.py","logger":"airflow.dag_processing.dagbag.BundleDagBag","filename":"dagbag.py","lineno":460}
{"timestamp":"2026-09-09T16:38:32.460065Z","level":"info","event":"Filling up the DagBag from /opt/airflow/dags/01_xcoms_bash_dag.py","logger":"airflow.dag_processing.dagbag.BundleDagBag","filename":"dagbag.py","lineno":460}
{"timestamp":"2026-09-09T16:39:03.583942Z","level":"info","event":"Filling up the DagBag from /opt/airflow/dags/01_xcoms_bash_dag.py","logger":"airflow.dag_processing.dagbag.BundleDagBag","filename":"dagbag.py","lineno":460}
{"timestamp":"2026-09-09T16:39:33.787910Z","level":"info","event":"Filling up the DagBag from /opt/airflow/dags/01_xcoms_bash_dag.py","logger":"airflow.dag_processing.dagbag.BundleDagBag","filename":"dagbag.py","lineno":460}
{"timestamp":"2026-09-09T16:40:04.798561Z","level":"info","event":"Filling up the DagBag from /opt/airflow/dags/01_xcoms_bash_dag.py","logger":"airflow.dag_processing.dagbag.BundleDagBag","filename":"dagbag.py","lineno":460}
{"timestamp":"2026-09-09T16:40:34.968310Z","level":"info","event":"Filling up the DagBag from /opt/airflow/dags/01_xcoms_bash_dag.py","logger":"airflow.dag_processing.dagbag.BundleDagBag","filename":"dagbag.py","lineno":460}
{"timestamp":"2026-09-09T16:41:05.922598Z","level":"info","event":"Filling up the DagBag from /opt/airflow/dags/01_xcoms_bash_dag.py","logger":"airflow.dag_processing.dagbag.BundleDagBag","filename":"dagbag.py","lineno":460}
{"timestamp":"2026-09-09T16:41:37.017843Z","level":"info","event":"Filling up the DagBag from /opt/airflow/dags/01_xcoms_bash_dag.py","logger":"airflow.dag_processing.dagbag.BundleDagBag","filename":"dagbag.py","lineno":460}
{"timestamp":"2026-09-09T16:42:08.012383Z","level":"info","event":"Filling up the DagBag from /opt/airflow/dags/01_xcoms_bash_dag.py","logger":"airflow.dag_processing.dagbag.BundleDagBag","filename":"dagbag.py","lineno":460}
{"timestamp":"2026-09-09T16:42:38.933346Z","level":"info","event":"Filling up the DagBag from /opt/airflow/dags/01_xcoms_bash_dag.py","logger":"airflow.dag_processing.dagbag.BundleDagBag","filename":"dagbag.py","lineno":460}
{"timestamp":"2026-09-09T16:43:09.898423Z","level":"info","event":"Filling up the DagBag from /opt/airflow/dags/01_xcoms_bash_dag.py","logger":"airflow.dag_processing.dagbag.BundleDagBag","filename":"dagbag.py","lineno":460}
{"timestamp":"2026-09-09T16:43:40.977987Z","level":"info","event":"Filling up the DagBag from /opt/airflow/dags/01_xcoms_bash_dag.py","logger":"airflow.dag_processing.dagbag.BundleDagBag","filename":"dagbag.py","lineno":460}
{"timestamp":"2026-09-09T16:44:12.081664Z","level":"info","event":"Filling up the DagBag from /opt/airflow/dags/01_xcoms_bash_dag.py","logger":"airflow.dag_processing.dagbag.BundleDagBag","filename":"dagbag.py","lineno":460}
{"timestamp":"2026-09-09T16:44:42.299765Z","level":"info","event":"Filling up the DagBag from /opt/airflow/dags/01_xcoms_bash_dag.py","logger":"airflow.dag_processing.dagbag.BundleDagBag","filename":"dagbag.py","lineno":460}
{"timestamp":"2026-09-09T16:45:13.416989Z","level":"info","event":"Filling up the DagBag from /opt/airflow/dags/01_xcoms_bash_dag.py","logger":"airflow.dag_processing.dagbag.BundleDagBag","filename":"dagbag.py","lineno":460}
{"timestamp":"2026-09-09T16:45:43.571765Z","level":"info","event":"Filling up the DagBag from /opt/airflow/dags/01_xcoms_bash_dag.py","logger":"airflow.dag_processing.dagbag.BundleDagBag","filename":"dagbag.py","lineno":460}
{"timestamp":"2026-09-09T16:46:13.767296Z","level":"info","event":"Filling up the DagBag from /opt/airflow/dags/01_xcoms_bash_dag.py","logger":"airflow.dag_processing.dagbag.BundleDagBag","filename":"dagbag.py","lineno":460}
{"timestamp":"2026-09-09T16:46:43.990945Z","level":"info","event":"Filling up the DagBag from /opt/airflow/dags/01_xcoms_bash_dag.py","logger":"airflow.dag_processing.dagbag.BundleDagBag","filename":"dagbag.py","lineno":460}
{"timestamp":"2026-09-09T16:47:15.023798Z","level":"info","event":"Filling up the DagBag from /opt/airflow/dags/01_xcoms_bash_dag.py","logger":"airflow.dag_processing.dagbag.BundleDagBag","filename":"dagbag.py","lineno":460}
{"timestamp":"2026-09-09T16:47:45.996689Z","level":"info","event":"Filling up the DagBag from /opt/airflow/dags/01_xcoms_bash_dag.py","logger":"airflow.dag_processing.dagbag.BundleDagBag","filename":"dagbag.py","lineno":460}
{"timestamp":"2026-09-09T16:48:16.929967Z","level":"info","event":"Filling up the DagBag from /opt/airflow/dags/01_xcoms_bash_dag.py","logger":"airflow.dag_processing.dagbag.BundleDagBag","filename":"dagbag.py","lineno":460}
{"timestamp":"2026-09-09T16:48:47.948046Z","level":"info","event":"Filling up the DagBag from /opt/airflow/dags/01_xcoms_bash_dag.py","logger":"airflow.dag_processing.dagbag.BundleDagBag","filename":"dagbag.py","lineno":460}
{"timestamp":"2026-09-09T16:49:18.951722Z","level":"info","event":"Filling up the DagBag from /opt/airflow/dags/01_xcoms_bash_dag.py","logger":"airflow.dag_processing.dagbag.BundleDagBag","filename":"dagbag.py","lineno":460}
{"timestamp":"2026-09-09T16:49:49.785533Z","level":"info","event":"Filling up the DagBag from /opt/airflow/dags/01_xcoms_bash_dag.py","logger":"airflow.dag_processing.dagbag.BundleDagBag","filename":"dagbag.py","lineno":460}
{"timestamp":"2026-09-09T16:50:20.698797Z","level":"info","event":"Filling up the DagBag from /opt/airflow/dags/01_xcoms_bash_dag.py","logger":"airflow.dag_processing.dagbag.BundleDagBag","filename":"dagbag.py","lineno":460}
{"timestamp":"2026-09-09T16:50:51.667639Z","level":"info","event":"Filling up the DagBag from /opt/airflow/dags/01_xcoms_bash_dag.py","logger":"airflow.dag_processing.dagbag.BundleDagBag","filename":"dagbag.py","lineno":460}
{"timestamp":"2026-09-09T16:51:22.609156Z","level":"info","event":"Filling up the DagBag from /opt/airflow/dags/01_xcoms_bash_dag.py","logger":"airflow.dag_processing.dagbag.BundleDagBag","filename":"dagbag.py","lineno":460}
{"timestamp":"2026-09-09T16:51:53.595133Z","level":"info","event":"Filling up the DagBag from /opt/airflow/dags/01_xcoms_bash_dag.py","logger":"airflow.dag_processing.dagbag.BundleDagBag","filename":"dagbag.py","lineno":460}
{"timestamp":"2026-09-09T16:52:24.604138Z","level":"info","event":"Filling up the DagBag from /opt/airflow/dags/01_xcoms_bash_dag.py","logger":"airflow.dag_processing.dagbag.BundleDagBag","filename":"dagbag.py","lineno":460}
{"timestamp":"2026-09-09T16:52:55.636016Z","level":"info","event":"Filling up the DagBag from /opt/airflow/dags/01_xcoms_bash_dag.py","logger":"airflow.dag_processing.dagbag.BundleDagBag","filename":"dagbag.py","lineno":460}
{"timestamp":"2026-09-09T16:53:26.497619Z","level":"info","event":"Filling up the DagBag from /opt/airflow/dags/01_xcoms_bash_dag.py","logger":"airflow.dag_processing.dagbag.BundleDagBag","filename":"dagbag.py","lineno":460}
{"timestamp":"2026-09-09T16:53:57.533838Z","level":"info","event":"Filling up the DagBag from /opt/airflow/dags/01_xcoms_bash_dag.py","logger":"airflow.dag_processing.dagbag.BundleDagBag","filename":"dagbag.py","lineno":460}
{"timestamp":"2026-09-09T16:54:28.587633Z","level":"info","event":"Filling up the DagBag from /opt/airflow/dags/01_xcoms_bash_dag.py","logger":"airflow.dag_processing.dagbag.BundleDagBag","filename":"dagbag.py","lineno":460}
{"timestamp":"2026-09-09T16:54:59.728918Z","level":"info","event":"Filling up the DagBag from /opt/airflow/dags/01_xcoms_bash_dag.py","logger":"airflow.dag_processing.dagbag.BundleDagBag","filename":"dagbag.py","lineno":460}
{"timestamp":"2026-09-09T16:55:30.728242Z","level":"info","event":"Filling up the DagBag from /opt/airflow/dags/01_xcoms_bash_dag.py","logger":"airflow.dag_processing.dagbag.BundleDagBag","filename":"dagbag.py","lineno":460}
{"timestamp":"2026-09-09T16:56:01.714136Z","level":"info","event":"Filling up the DagBag from /opt/airflow/dags/01_xcoms_bash_dag.py","logger":"airflow.dag_processing.dagbag.BundleDagBag","filename":"dagbag.py","lineno":460}
{"timestamp":"2026-09-09T16:56:32.703155Z","level":"info","event":"Filling up the DagBag from /opt/airflow/dags/01_xcoms_bash_dag.py","logger":"airflow.dag_processing.dagbag.BundleDagBag","filename":"dagbag.py","lineno":460}
{"timestamp":"2026-09-09T16:57:02.904355Z","level":"info","event":"Filling up the DagBag from /opt/airflow/dags/01_xcoms_bash_dag.py","logger":"airflow.dag_processing.dagbag.BundleDagBag","filename":"dagbag.py","lineno":460}
{"timestamp":"2026-09-09T16:57:33.169103Z","level":"info","event":"Filling up the DagBag from /opt/airflow/dags/01_xcoms_bash_dag.py","logger":"airflow.dag_processing.dagbag.BundleDagBag","filename":"dagbag.py","lineno":460}
{"timestamp":"2026-09-09T16:58:03.375245Z","level":"info","event":"Filling up the DagBag from /opt/airflow/dags/01_xcoms_bash_dag.py","logger":"airflow.dag_processing.dagbag.BundleDagBag","filename":"dagbag.py","lineno":460}
{"timestamp":"2026-09-09T16:58:34.378714Z","level":"info","event":"Filling up the DagBag from /opt/airflow/dags/01_xcoms_bash_dag.py","logger":"airflow.dag_processing.dagbag.BundleDagBag","filename":"dagbag.py","lineno":460}
{"timestamp":"2026-09-09T16:59:05.403079Z","level":"info","event":"Filling up the DagBag from /opt/airflow/dags/01_xcoms_bash_dag.py","logger":"airflow.dag_processing.dagbag.BundleDagBag","filename":"dagbag.py","lineno":460}
{"timestamp":"2026-09-09T16:59:36.377518Z","level":"info","event":"Filling up the DagBag from /opt/airflow/dags/01_xcoms_bash_dag.py","logger":"airflow.dag_processing.dagbag.BundleDagBag","filename":"dagbag.py","lineno":460}
{"timestamp":"2026-09-09T17:00:07.449095Z","level":"info","event":"Filling up the DagBag from /opt/airflow/dags/01_xcoms_bash_dag.py","logger":"airflow.dag_processing.dagbag.BundleDagBag","filename":"dagbag.py","lineno":460}
{"timestamp":"2026-09-09T17:00:38.462450Z","level":"info","event":"Filling up the DagBag from /opt/airflow/dags/01_xcoms_bash_dag.py","logger":"airflow.dag_processing.dagbag.BundleDagBag","filename":"dagbag.py","lineno":460}
{"timestamp":"2026-09-09T17:01:09.429559Z","level":"info","event":"Filling up the DagBag from /opt/airflow/dags/01_xcoms_bash_dag.py","logger":"airflow.dag_processing.dagbag.BundleDagBag","filename":"dagbag.py","lineno":460}
{"timestamp":"2026-09-09T17:01:40.359400Z","level":"info","event":"Filling up the DagBag from /opt/airflow/dags/01_xcoms_bash_dag.py","logger":"airflow.dag_processing.dagbag.BundleDagBag","filename":"dagbag.py","lineno":460}
{"timestamp":"2026-09-09T17:02:11.182350Z","level":"info","event":"Filling up the DagBag from /opt/airflow/dags/01_xcoms_bash_dag.py","logger":"airflow.dag_processing.dagbag.BundleDagBag","filename":"dagbag.py","lineno":460}
{"timestamp":"2026-09-09T17:02:42.230163Z","level":"info","event":"Filling up the DagBag from /opt/airflow/dags/01_xcoms_bash_dag.py","logger":"airflow.dag_processing.dagbag.BundleDagBag","filename":"dagbag.py","lineno":460}
{"timestamp":"2026-09-09T17:03:13.141344Z","level":"info","event":"Filling up the DagBag from /opt/airflow/dags/01_xcoms_bash_dag.py","logger":"airflow.dag_processing.dagbag.BundleDagBag","filename":"dagbag.py","lineno":460}
{"timestamp":"2026-09-09T17:03:44.092395Z","level":"info","event":"Filling up the DagBag from /opt/airflow/dags/01_xcoms_bash_dag.py","logger":"airflow.dag_processing.dagbag.BundleDagBag","filename":"dagbag.py","lineno":460}
{"timestamp":"2026-09-09T17:04:14.279884Z","level":"info","event":"Filling up the DagBag from /opt/airflow/dags/01_xcoms_bash_dag.py","logger":"airflow.dag_processing.dagbag.BundleDagBag","filename":"dagbag.py","lineno":460}
{"timestamp":"2026-09-09T17:04:45.371203Z","level":"info","event":"Filling up the DagBag from /opt/airflow/dags/01_xcoms_bash_dag.py","logger":"airflow.dag_processing.dagbag.BundleDagBag","filename":"dagbag.py","lineno":460}
{"timestamp":"2026-09-09T17:05:16.435819Z","level":"info","event":"Filling up the DagBag from /opt/airflow/dags/01_xcoms_bash_dag.py","logger":"airflow.dag_processing.dagbag.BundleDagBag","filename":"dagbag.py","lineno":460}
{"timestamp":"2026-09-09T17:05:47.478530Z","level":"info","event":"Filling up the DagBag from /opt/airflow/dags/01_xcoms_bash_dag.py","logger":"airflow.dag_processing.dagbag.BundleDagBag","filename":"dagbag.py","lineno":460}
{"timestamp":"2026-09-09T17:06:18.471455Z","level":"info","event":"Filling up the DagBag from /opt/airflow/dags/01_xcoms_bash_dag.py","logger":"airflow.dag_processing.dagbag.BundleDagBag","filename":"dagbag.py","lineno":460}
{"timestamp":"2026-09-09T17:06:49.259135Z","level":"info","event":"Filling up the DagBag from /opt/airflow/dags/01_xcoms_bash_dag.py","logger":"airflow.dag_processing.dagbag.BundleDagBag","filename":"dagbag.py","lineno":460}
{"timestamp":"2026-09-09T17:07:19.947508Z","level":"info","event":"Filling up the DagBag from /opt/airflow/dags/01_xcoms_bash_dag.py","logger":"airflow.dag_processing.dagbag.BundleDagBag","filename":"dagbag.py","lineno":460}
{"timestamp":"2026-09-09T17:07:50.633216Z","level":"info","event":"Filling up the DagBag from /opt/airflow/dags/01_xcoms_bash_dag.py","logger":"airflow.dag_processing.dagbag.BundleDagBag","filename":"dagbag.py","lineno":460}
{"timestamp":"2026-09-09T17:08:21.372265Z","level":"info","event":"Filling up the DagBag from /opt/airflow/dags/01_xcoms_bash_dag.py","logger":"airflow.dag_processing.dagbag.BundleDagBag","filename":"dagbag.py","lineno":460}
{"timestamp":"2026-09-09T17:08:52.263965Z","level":"info","event":"Filling up the DagBag from /opt/airflow/dags/01_xcoms_bash_dag.py","logger":"airflow.dag_processing.dagbag.BundleDagBag","filename":"dagbag.py","lineno":460}
{"timestamp":"2026-09-09T17:09:22.987520Z","level":"info","event":"Filling up the DagBag from /opt/airflow/dags/01_xcoms_bash_dag.py","logger":"airflow.dag_processing.dagbag.BundleDagBag","filename":"dagbag.py","lineno":460}
{"timestamp":"2026-09-09T17:09:53.851375Z","level":"info","event":"Filling up the DagBag from /opt/airflow/dags/01_xcoms_bash_dag.py","logger":"airflow.dag_processing.dagbag.BundleDagBag","filename":"dagbag.py","lineno":460}
{"timestamp":"2026-09-09T17:10:24.633010Z","level":"info","event":"Filling up the DagBag from /opt/airflow/dags/01_xcoms_bash_dag.py","logger":"airflow.dag_processing.dagbag.BundleDagBag","filename":"dagbag.py","lineno":460}
{"timestamp":"2026-09-09T17:10:55.543236Z","level":"info","event":"Filling up the DagBag from /opt/airflow/dags/01_xcoms_bash_dag.py","logger":"airflow.dag_processing.dagbag.BundleDagBag","filename":"dagbag.py","lineno":460}
{"timestamp":"2026-09-09T17:11:26.275181Z","level":"info","event":"Filling up the DagBag from /opt/airflow/dags/01_xcoms_bash_dag.py","logger":"airflow.dag_processing.dagbag.BundleDagBag","filename":"dagbag.py","lineno":460}
{"timestamp":"2026-09-09T17:11:57.001198Z","level":"info","event":"Filling up the DagBag from /opt/airflow/dags/01_xcoms_bash_dag.py","logger":"airflow.dag_processing.dagbag.BundleDagBag","filename":"dagbag.py","lineno":460}
{"timestamp":"2026-09-09T17:12:27.861520Z","level":"info","event":"Filling up the DagBag from /opt/airflow/dags/01_xcoms_bash_dag.py","logger":"airflow.dag_processing.dagbag.BundleDagBag","filename":"dagbag.py","lineno":460}
{"timestamp":"2026-09-09T17:12:58.741367Z","level":"info","event":"Filling up the DagBag from /opt/airflow/dags/01_xcoms_bash_dag.py","logger":"airflow.dag_processing.dagbag.BundleDagBag","filename":"dagbag.py","lineno":460}
{"timestamp":"2026-09-09T17:13:30.886504Z","level":"info","event":"Filling up the DagBag from /opt/airflow/dags/01_xcoms_bash_dag.py","logger":"airflow.dag_processing.dagbag.BundleDagBag","filename":"dagbag.py","lineno":460}
{"timestamp":"2026-09-09T17:14:01.771608Z","level":"info","event":"Filling up the DagBag from /opt/airflow/dags/01_xcoms_bash_dag.py","logger":"airflow.dag_processing.dagbag.BundleDagBag","filename":"dagbag.py","lineno":460}
{"timestamp":"2026-09-09T17:14:32.776388Z","level":"info","event":"Filling up the DagBag from /opt/airflow/dags/01_xcoms_bash_dag.py","logger":"airflow.dag_processing.dagbag.BundleDagBag","filename":"dagbag.py","lineno":460}
{"timestamp":"2026-09-09T17:15:03.886697Z","level":"info","event":"Filling up the DagBag from /opt/airflow/dags/01_xcoms_bash_dag.py","logger":"airflow.dag_processing.dagbag.BundleDagBag","filename":"dagbag.py","lineno":460}
{"timestamp":"2026-09-09T17:15:34.923371Z","level":"info","event":"Filling up the DagBag from /opt/airflow/dags/01_xcoms_bash_dag.py","logger":"airflow.dag_processing.dagbag.BundleDagBag","filename":"dagbag.py","lineno":460}
{"timestamp":"2026-09-09T17:16:06.019732Z","level":"info","event":"Filling up the DagBag from /opt/airflow/dags/01_xcoms_bash_dag.py","logger":"airflow.dag_processing.dagbag.BundleDagBag","filename":"dagbag.py","lineno":460}
{"timestamp":"2026-09-09T17:16:37.067815Z","level":"info","event":"Filling up the DagBag from /opt/airflow/dags/01_xcoms_bash_dag.py","logger":"airflow.dag_processing.dagbag.BundleDagBag","filename":"dagbag.py","lineno":460}
{"timestamp":"2026-09-09T17:17:08.118497Z","level":"info","event":"Filling up the DagBag from /opt/airflow/dags/01_xcoms_bash_dag.py","logger":"airflow.dag_processing.dagbag.BundleDagBag","filename":"dagbag.py","lineno":460}
{"timestamp":"2026-09-09T17:17:39.216460Z","level":"info","event":"Filling up the DagBag from /opt/airflow/dags/01_xcoms_bash_dag.py","logger":"airflow.dag_processing.dagbag.BundleDagBag","filename":"dagbag.py","lineno":460}
{"timestamp":"2026-09-09T17:18:10.257576Z","level":"info","event":"Filling up the DagBag from /opt/airflow/dags/01_xcoms_bash_dag.py","logger":"airflow.dag_processing.dagbag.BundleDagBag","filename":"dagbag.py","lineno":460}
{"timestamp":"2026-09-09T17:18:41.404325Z","level":"info","event":"Filling up the DagBag from /opt/airflow/dags/01_xcoms_bash_dag.py","logger":"airflow.dag_processing.dagbag.BundleDagBag","filename":"dagbag.py","lineno":460}
{"timestamp":"2026-09-09T17:19:12.606411Z","level":"info","event":"Filling up the DagBag from /opt/airflow/dags/01_xcoms_bash_dag.py","logger":"airflow.dag_processing.dagbag.BundleDagBag","filename":"dagbag.py","lineno":460}
{"timestamp":"2026-09-09T17:19:43.664781Z","level":"info","event":"Filling up the DagBag from /opt/airflow/dags/01_xcoms_bash_dag.py","logger":"airflow.dag_processing.dagbag.BundleDagBag","filename":"dagbag.py","lineno":460}
{"timestamp":"2026-09-09T17:20:13.837026Z","level":"info","event":"Filling up the DagBag from /opt/airflow/dags/01_xcoms_bash_dag.py","logger":"airflow.dag_processing.dagbag.BundleDagBag","filename":"dagbag.py","lineno":460}
{"timestamp":"2026-09-09T17:20:44.828296Z","level":"info","event":"Filling up the DagBag from /opt/airflow/dags/01_xcoms_bash_dag.py","logger":"airflow.dag_processing.dagbag.BundleDagBag","filename":"dagbag.py","lineno":460}
{"timestamp":"2026-09-09T17:21:15.751899Z","level":"info","event":"Filling up the DagBag from /opt/airflow/dags/01_xcoms_bash_dag.py","logger":"airflow.dag_processing.dagbag.BundleDagBag","filename":"dagbag.py","lineno":460}
{"timestamp":"2026-09-09T17:21:46.740932Z","level":"info","event":"Filling up the DagBag from /opt/airflow/dags/01_xcoms_bash_dag.py","logger":"airflow.dag_processing.dagbag.BundleDagBag","filename":"dagbag.py","lineno":460}
{"timestamp":"2026-09-09T17:22:17.781478Z","level":"info","event":"Filling up the DagBag from /opt/airflow/dags/01_xcoms_bash_dag.py","logger":"airflow.dag_processing.dagbag.BundleDagBag","filename":"dagbag.py","lineno":460}
{"timestamp":"2026-09-09T17:22:48.807719Z","level":"info","event":"Filling up the DagBag from /opt/airflow/dags/01_xcoms_bash_dag.py","logger":"airflow.dag_processing.dagbag.BundleDagBag","filename":"dagbag.py","lineno":460}
{"timestamp":"2026-09-09T17:23:19.789433Z","level":"info","event":"Filling up the DagBag from /opt/airflow/dags/01_xcoms_bash_dag.py","logger":"airflow.dag_processing.dagbag.BundleDagBag","filename":"dagbag.py","lineno":460}
{"timestamp":"2026-09-09T17:23:50.451965Z","level":"info","event":"Filling up the DagBag from /opt/airflow/dags/01_xcoms_bash_dag.py","logger":"airflow.dag_processing.dagbag.BundleDagBag","filename":"dagbag.py","lineno":460}
{"timestamp":"2026-09-09T17:24:21.129923Z","level":"info","event":"Filling up the DagBag from /opt/airflow/dags/01_xcoms_bash_dag.py","logger":"airflow.dag_processing.dagbag.BundleDagBag","filename":"dagbag.py","lineno":460}
{"timestamp":"2026-09-09T17:24:52.142431Z","level":"info","event":"Filling up the DagBag from /opt/airflow/dags/01_xcoms_bash_dag.py","logger":"airflow.dag_processing.dagbag.BundleDagBag","filename":"dagbag.py","lineno":460}
{"timestamp":"2026-09-09T17:25:22.963167Z","level":"info","event":"Filling up the DagBag from /opt/airflow/dags/01_xcoms_bash_dag.py","logger":"airflow.dag_processing.dagbag.BundleDagBag","filename":"dagbag.py","lineno":460}
{"timestamp":"2026-09-09T17:25:53.424839Z","level":"info","event":"Filling up the DagBag from /opt/airflow/dags/01_xcoms_bash_dag.py","logger":"airflow.dag_processing.dagbag.BundleDagBag","filename":"dagbag.py","lineno":460}
{"timestamp":"2026-09-09T17:26:23.697223Z","level":"info","event":"Filling up the DagBag from /opt/airflow/dags/01_xcoms_bash_dag.py","logger":"airflow.dag_processing.dagbag.BundleDagBag","filename":"dagbag.py","lineno":460}
{"timestamp":"2026-09-09T17:26:54.258490Z","level":"info","event":"Filling up the DagBag from /opt/airflow/dags/01_xcoms_bash_dag.py","logger":"airflow.dag_processing.dagbag.BundleDagBag","filename":"dagbag.py","lineno":460}
{"timestamp":"2026-09-09T17:27:25.392666Z","level":"info","event":"Filling up the DagBag from /opt/airflow/dags/01_xcoms_bash_dag.py","logger":"airflow.dag_processing.dagbag.BundleDagBag","filename":"dagbag.py","lineno":460}
{"timestamp":"2026-09-09T17:27:57.223315Z","level":"info","event":"Filling up the DagBag from /opt/airflow/dags/01_xcoms_bash_dag.py","logger":"airflow.dag_processing.dagbag.BundleDagBag","filename":"dagbag.py","lineno":460}
{"timestamp":"2026-09-09T17:28:27.311995Z","level":"info","event":"Filling up the DagBag from /opt/airflow/dags/01_xcoms_bash_dag.py","logger":"airflow.dag_processing.dagbag.BundleDagBag","filename":"dagbag.py","lineno":460}
{"timestamp":"2026-09-09T17:28:57.434368Z","level":"info","event":"Filling up the DagBag from /opt/airflow/dags/01_xcoms_bash_dag.py","logger":"airflow.dag_processing.dagbag.BundleDagBag","filename":"dagbag.py","lineno":460}
{"timestamp":"2026-09-09T17:29:28.477317Z","level":"info","event":"Filling up the DagBag from /opt/airflow/dags/01_xcoms_bash_dag.py","logger":"airflow.dag_processing.dagbag.BundleDagBag","filename":"dagbag.py","lineno":460}
{"timestamp":"2026-09-09T17:29:59.402805Z","level":"info","event":"Filling up the DagBag from /opt/airflow/dags/01_xcoms_bash_dag.py","logger":"airflow.dag_processing.dagbag.BundleDagBag","filename":"dagbag.py","lineno":460}
{"timestamp":"2026-09-09T17:30:30.237509Z","level":"info","event":"Filling up the DagBag from /opt/airflow/dags/01_xcoms_bash_dag.py","logger":"airflow.dag_processing.dagbag.BundleDagBag","filename":"dagbag.py","lineno":460}
{"timestamp":"2026-09-09T17:31:00.669154Z","level":"info","event":"Filling up the DagBag from /opt/airflow/dags/01_xcoms_bash_dag.py","logger":"airflow.dag_processing.dagbag.BundleDagBag","filename":"dagbag.py","lineno":460}
{"timestamp":"2026-09-09T17:31:30.915219Z","level":"info","event":"Filling up the DagBag from /opt/airflow/dags/01_xcoms_bash_dag.py","logger":"airflow.dag_processing.dagbag.BundleDagBag","filename":"dagbag.py","lineno":460}
{"timestamp":"2026-09-09T17:32:02.184207Z","level":"info","event":"Filling up the DagBag from /opt/airflow/dags/01_xcoms_bash_dag.py","logger":"airflow.dag_processing.dagbag.BundleDagBag","filename":"dagbag.py","lineno":460}
{"timestamp":"2026-09-09T17:32:32.301145Z","level":"info","event":"Filling up the DagBag from /opt/airflow/dags/01_xcoms_bash_dag.py","logger":"airflow.dag_processing.dagbag.BundleDagBag","filename":"dagbag.py","lineno":460}
{"timestamp":"2026-09-09T17:33:03.265113Z","level":"info","event":"Filling up the DagBag from /opt/airflow/dags/01_xcoms_bash_dag.py","logger":"airflow.dag_processing.dagbag.BundleDagBag","filename":"dagbag.py","lineno":460}
{"timestamp":"2026-09-09T17:33:34.420584Z","level":"info","event":"Filling up the DagBag from /opt/airflow/dags/01_xcoms_bash_dag.py","logger":"airflow.dag_processing.dagbag.BundleDagBag","filename":"dagbag.py","lineno":460}
{"timestamp":"2026-09-09T17:34:05.512573Z","level":"info","event":"Filling up the DagBag from /opt/airflow/dags/01_xcoms_bash_dag.py","logger":"airflow.dag_processing.dagbag.BundleDagBag","filename":"dagbag.py","lineno":460}
{"timestamp":"2026-09-09T17:34:36.583672Z","level":"info","event":"Filling up the DagBag from /opt/airflow/dags/01_xcoms_bash_dag.py","logger":"airflow.dag_processing.dagbag.BundleDagBag","filename":"dagbag.py","lineno":460}
{"timestamp":"2026-09-09T17:35:07.681045Z","level":"info","event":"Filling up the DagBag from /opt/airflow/dags/01_xcoms_bash_dag.py","logger":"airflow.dag_processing.dagbag.BundleDagBag","filename":"dagbag.py","lineno":460}
{"timestamp":"2026-09-09T17:35:38.625642Z","level":"info","event":"Filling up the DagBag from /opt/airflow/dags/01_xcoms_bash_dag.py","logger":"airflow.dag_processing.dagbag.BundleDagBag","filename":"dagbag.py","lineno":460}
{"timestamp":"2026-09-09T17:36:09.758052Z","level":"info","event":"Filling up the DagBag from /opt/airflow/dags/01_xcoms_bash_dag.py","logger":"airflow.dag_processing.dagbag.BundleDagBag","filename":"dagbag.py","lineno":460}
{"timestamp":"2026-09-09T17:36:40.893588Z","level":"info","event":"Filling up the DagBag from /opt/airflow/dags/01_xcoms_bash_dag.py","logger":"airflow.dag_processing.dagbag.BundleDagBag","filename":"dagbag.py","lineno":460}
{"timestamp":"2026-09-09T17:37:12.041123Z","level":"info","event":"Filling up the DagBag from /opt/airflow/dags/01_xcoms_bash_dag.py","logger":"airflow.dag_processing.dagbag.BundleDagBag","filename":"dagbag.py","lineno":460}
{"timestamp":"2026-09-09T17:37:43.131065Z","level":"info","event":"Filling up the DagBag from /opt/airflow/dags/01_xcoms_bash_dag.py","logger":"airflow.dag_processing.dagbag.BundleDagBag","filename":"dagbag.py","lineno":460}
{"timestamp":"2026-09-09T17:38:14.132752Z","level":"info","event":"Filling up the DagBag from /opt/airflow/dags/01_xcoms_bash_dag.py","logger":"airflow.dag_processing.dagbag.BundleDagBag","filename":"dagbag.py","lineno":460}
{"timestamp":"2026-09-09T17:38:45.157566Z","level":"info","event":"Filling up the DagBag from /opt/airflow/dags/01_xcoms_bash_dag.py","logger":"airflow.dag_processing.dagbag.BundleDagBag","filename":"dagbag.py","lineno":460}
{"timestamp":"2026-09-09T17:39:16.210836Z","level":"info","event":"Filling up the DagBag from /opt/airflow/dags/01_xcoms_bash_dag.py","logger":"airflow.dag_processing.dagbag.BundleDagBag","filename":"dagbag.py","lineno":460}
{"timestamp":"2026-09-09T17:39:47.333289Z","level":"info","event":"Filling up the DagBag from /opt/airflow/dags/01_xcoms_bash_dag.py","logger":"airflow.dag_processing.dagbag.BundleDagBag","filename":"dagbag.py","lineno":460}
{"timestamp":"2026-09-09T17:40:18.304234Z","level":"info","event":"Filling up the DagBag from /opt/airflow/dags/01_xcoms_bash_dag.py","logger":"airflow.dag_processing.dagbag.BundleDagBag","filename":"dagbag.py","lineno":460}
{"timestamp":"2026-09-09T17:40:49.210173Z","level":"info","event":"Filling up the DagBag from /opt/airflow/dags/01_xcoms_bash_dag.py","logger":"airflow.dag_processing.dagbag.BundleDagBag","filename":"dagbag.py","lineno":460}
{"timestamp":"2026-09-09T17:41:20.111971Z","level":"info","event":"Filling up the DagBag from /opt/airflow/dags/01_xcoms_bash_dag.py","logger":"airflow.dag_processing.dagbag.BundleDagBag","filename":"dagbag.py","lineno":460}
{"timestamp":"2026-09-09T17:41:51.021490Z","level":"info","event":"Filling up the DagBag from /opt/airflow/dags/01_xcoms_bash_dag.py","logger":"airflow.dag_processing.dagbag.BundleDagBag","filename":"dagbag.py","lineno":460}
{"timestamp":"2026-09-09T17:42:21.994325Z","level":"info","event":"Filling up the DagBag from /opt/airflow/dags/01_xcoms_bash_dag.py","logger":"airflow.dag_processing.dagbag.BundleDagBag","filename":"dagbag.py","lineno":460}
{"timestamp":"2026-09-09T17:42:52.889039Z","level":"info","event":"Filling up the DagBag from /opt/airflow/dags/01_xcoms_bash_dag.py","logger":"airflow.dag_processing.dagbag.BundleDagBag","filename":"dagbag.py","lineno":460}
{"timestamp":"2026-09-09T17:43:23.960517Z","level":"info","event":"Filling up the DagBag from /opt/airflow/dags/01_xcoms_bash_dag.py","logger":"airflow.dag_processing.dagbag.BundleDagBag","filename":"dagbag.py","lineno":460}
{"timestamp":"2026-09-09T17:43:54.158426Z","level":"info","event":"Filling up the DagBag from /opt/airflow/dags/01_xcoms_bash_dag.py","logger":"airflow.dag_processing.dagbag.BundleDagBag","filename":"dagbag.py","lineno":460}
{"timestamp":"2026-09-09T17:44:25.274343Z","level":"info","event":"Filling up the DagBag from /opt/airflow/dags/01_xcoms_bash_dag.py","logger":"airflow.dag_processing.dagbag.BundleDagBag","filename":"dagbag.py","lineno":460}
{"timestamp":"2026-09-09T17:44:56.386696Z","level":"info","event":"Filling up the DagBag from /opt/airflow/dags/01_xcoms_bash_dag.py","logger":"airflow.dag_processing.dagbag.BundleDagBag","filename":"dagbag.py","lineno":460}
{"timestamp":"2026-09-09T17:45:27.557057Z","level":"info","event":"Filling up the DagBag from /opt/airflow/dags/01_xcoms_bash_dag.py","logger":"airflow.dag_processing.dagbag.BundleDagBag","filename":"dagbag.py","lineno":460}
