{"timestamp":"2026-09-14T11:50:50.763287Z","level":"info","event":"Filling up the DagBag from /opt/airflow/dags/schedule_dag.py","logger":"airflow.dag_processing.dagbag.BundleDagBag","filename":"dagbag.py","lineno":460}
{"timestamp":"2026-09-14T11:50:50.816355Z","level":"error","event":"Failed to import: /opt/airflow/dags/schedule_dag.py","logger":"airflow.dag_processing.importers.python_importer","filename":"python_importer.py","lineno":244,"error_detail":[{"exc_type":"TypeError","exc_value":"'module' object is not callable. Did you mean: 'datetime.datetime(...)'?","exc_notes":[],"syntax_error":null,"is_cause":false,"frames":[{"filename":"/home/airflow/.local/lib/python3.13/site-packages/airflow/dag_processing/importers/python_importer.py","lineno":238,"name":"parse"},{"filename":"<frozen importlib._bootstrap_external>","lineno":1023,"name":"exec_module"},{"filename":"<frozen importlib._bootstrap>","lineno":488,"name":"_call_with_frames_removed"},{"filename":"/opt/airflow/dags/schedule_dag.py","lineno":6,"name":"<module>"}],"is_group":false,"exceptions":[]}]}
{"timestamp":"2026-09-14T11:50:50.822148Z","level":"error","event":"Error loading DAG from schedule_dag.py: 'module' object is not callable. Did you mean: 'datetime.datetime(...)'?","logger":"airflow.dag_processing.dagbag.BundleDagBag","filename":"dagbag.py","lineno":319}
{"timestamp":"2026-09-14T11:51:22.904771Z","level":"info","event":"Filling up the DagBag from /opt/airflow/dags/schedule_dag.py","logger":"airflow.dag_processing.dagbag.BundleDagBag","filename":"dagbag.py","lineno":460}
{"timestamp":"2026-09-14T11:51:23.063537Z","level":"error","event":"Failed to import: /opt/airflow/dags/schedule_dag.py","logger":"airflow.dag_processing.importers.python_importer","filename":"python_importer.py","lineno":244,"error_detail":[{"exc_type":"TypeError","exc_value":"'module' object is not callable. Did you mean: 'datetime.datetime(...)'?","exc_notes":[],"syntax_error":null,"is_cause":false,"frames":[{"filename":"/home/airflow/.local/lib/python3.13/site-packages/airflow/dag_processing/importers/python_importer.py","lineno":238,"name":"parse"},{"filename":"<frozen importlib._bootstrap_external>","lineno":1023,"name":"exec_module"},{"filename":"<frozen importlib._bootstrap>","lineno":488,"name":"_call_with_frames_removed"},{"filename":"/opt/airflow/dags/schedule_dag.py","lineno":6,"name":"<module>"}],"is_group":false,"exceptions":[]}]}
{"timestamp":"2026-09-14T11:51:23.112132Z","level":"error","event":"Error loading DAG from schedule_dag.py: 'module' object is not callable. Did you mean: 'datetime.datetime(...)'?","logger":"airflow.dag_processing.dagbag.BundleDagBag","filename":"dagbag.py","lineno":319}
{"timestamp":"2026-09-14T11:51:48.502018Z","level":"info","event":"Filling up the DagBag from /opt/airflow/dags/schedule_dag.py","logger":"airflow.dag_processing.dagbag.BundleDagBag","filename":"dagbag.py","lineno":460}
{"timestamp":"2026-09-14T11:52:19.724945Z","level":"info","event":"Filling up the DagBag from /opt/airflow/dags/schedule_dag.py","logger":"airflow.dag_processing.dagbag.BundleDagBag","filename":"dagbag.py","lineno":460}
{"timestamp":"2026-09-14T11:52:50.792516Z","level":"info","event":"Filling up the DagBag from /opt/airflow/dags/schedule_dag.py","logger":"airflow.dag_processing.dagbag.BundleDagBag","filename":"dagbag.py","lineno":460}
{"timestamp":"2026-09-14T11:53:08.696612Z","level":"info","event":"Filling up the DagBag from /opt/airflow/dags/schedule_dag.py","logger":"airflow.dag_processing.dagbag.BundleDagBag","filename":"dagbag.py","lineno":460}
{"timestamp":"2026-09-14T11:53:08.738113Z","level":"error","event":"Failed to import: /opt/airflow/dags/schedule_dag.py","logger":"airflow.dag_processing.importers.python_importer","filename":"python_importer.py","lineno":244,"error_detail":[{"exc_type":"NameError","exc_value":"name 'schedule_dag' is not defined","exc_notes":[],"syntax_error":null,"is_cause":false,"frames":[{"filename":"/home/airflow/.local/lib/python3.13/site-packages/airflow/dag_processing/importers/python_importer.py","lineno":238,"name":"parse"},{"filename":"<frozen importlib._bootstrap_external>","lineno":1023,"name":"exec_module"},{"filename":"<frozen importlib._bootstrap>","lineno":488,"name":"_call_with_frames_removed"},{"filename":"/opt/airflow/dags/schedule_dag.py","lineno":25,"name":"<module>"}],"is_group":false,"exceptions":[]}]}
{"timestamp":"2026-09-14T11:53:08.742943Z","level":"error","event":"Error loading DAG from schedule_dag.py: name 'schedule_dag' is not defined","logger":"airflow.dag_processing.dagbag.BundleDagBag","filename":"dagbag.py","lineno":319}
{"timestamp":"2026-09-14T11:53:39.025042Z","level":"info","event":"Filling up the DagBag from /opt/airflow/dags/schedule_dag.py","logger":"airflow.dag_processing.dagbag.BundleDagBag","filename":"dagbag.py","lineno":460}
{"timestamp":"2026-09-14T11:53:39.058355Z","level":"error","event":"Failed to import: /opt/airflow/dags/schedule_dag.py","logger":"airflow.dag_processing.importers.python_importer","filename":"python_importer.py","lineno":244,"error_detail":[{"exc_type":"NameError","exc_value":"name 'schedule_dag' is not defined","exc_notes":[],"syntax_error":null,"is_cause":false,"frames":[{"filename":"/home/airflow/.local/lib/python3.13/site-packages/airflow/dag_processing/importers/python_importer.py","lineno":238,"name":"parse"},{"filename":"<frozen importlib._bootstrap_external>","lineno":1023,"name":"exec_module"},{"filename":"<frozen importlib._bootstrap>","lineno":488,"name":"_call_with_frames_removed"},{"filename":"/opt/airflow/dags/schedule_dag.py","lineno":25,"name":"<module>"}],"is_group":false,"exceptions":[]}]}
{"timestamp":"2026-09-14T11:53:39.060504Z","level":"error","event":"Error loading DAG from schedule_dag.py: name 'schedule_dag' is not defined","logger":"airflow.dag_processing.dagbag.BundleDagBag","filename":"dagbag.py","lineno":319}
{"timestamp":"2026-09-14T11:54:10.115919Z","level":"info","event":"Filling up the DagBag from /opt/airflow/dags/schedule_dag.py","logger":"airflow.dag_processing.dagbag.BundleDagBag","filename":"dagbag.py","lineno":460}
{"timestamp":"2026-09-14T11:54:10.146630Z","level":"error","event":"Failed to import: /opt/airflow/dags/schedule_dag.py","logger":"airflow.dag_processing.importers.python_importer","filename":"python_importer.py","lineno":244,"error_detail":[{"exc_type":"NameError","exc_value":"name 'schedule_dag' is not defined","exc_notes":[],"syntax_error":null,"is_cause":false,"frames":[{"filename":"/home/airflow/.local/lib/python3.13/site-packages/airflow/dag_processing/importers/python_importer.py","lineno":238,"name":"parse"},{"filename":"<frozen importlib._bootstrap_external>","lineno":1023,"name":"exec_module"},{"filename":"<frozen importlib._bootstrap>","lineno":488,"name":"_call_with_frames_removed"},{"filename":"/opt/airflow/dags/schedule_dag.py","lineno":25,"name":"<module>"}],"is_group":false,"exceptions":[]}]}
{"timestamp":"2026-09-14T11:54:10.148693Z","level":"error","event":"Error loading DAG from schedule_dag.py: name 'schedule_dag' is not defined","logger":"airflow.dag_processing.dagbag.BundleDagBag","filename":"dagbag.py","lineno":319}
{"timestamp":"2026-09-14T11:54:27.516868Z","level":"info","event":"Filling up the DagBag from /opt/airflow/dags/schedule_dag.py","logger":"airflow.dag_processing.dagbag.BundleDagBag","filename":"dagbag.py","lineno":460}
{"timestamp":"2026-09-14T11:54:27.553309Z","level":"info","event":"Hello from task_1","logger":"dag_processor.stdout"}
{"timestamp":"2026-09-14T11:54:27.554562Z","level":"error","event":"Failed to import: /opt/airflow/dags/schedule_dag.py","logger":"airflow.dag_processing.importers.python_importer","filename":"python_importer.py","lineno":244,"error_detail":[{"exc_type":"AttributeError","exc_value":"'NoneType' object has no attribute 'update_relative'","exc_notes":[],"syntax_error":null,"is_cause":false,"frames":[{"filename":"/home/airflow/.local/lib/python3.13/site-packages/airflow/dag_processing/importers/python_importer.py","lineno":238,"name":"parse"},{"filename":"<frozen importlib._bootstrap_external>","lineno":1023,"name":"exec_module"},{"filename":"<frozen importlib._bootstrap>","lineno":488,"name":"_call_with_frames_removed"},{"filename":"/opt/airflow/dags/schedule_dag.py","lineno":25,"name":"<module>"},{"filename":"/home/airflow/.local/lib/python3.13/site-packages/airflow/sdk/definitions/dag.py","lineno":1696,"name":"factory"},{"filename":"/opt/airflow/dags/schedule_dag.py","lineno":23,"name":"schedule_dag"},{"filename":"/home/airflow/.local/lib/python3.13/site-packages/airflow/sdk/definitions/_internal/mixins.py","lineno":104,"name":"__rrshift__"},{"filename":"/home/airflow/.local/lib/python3.13/site-packages/airflow/sdk/definitions/_internal/mixins.py","lineno":94,"name":"__lshift__"},{"filename":"/home/airflow/.local/lib/python3.13/site-packages/airflow/sdk/definitions/xcom_arg.py","lineno":148,"name":"set_upstream"},{"filename":"/home/airflow/.local/lib/python3.13/site-packages/airflow/sdk/definitions/_internal/node.py","lineno":158,"name":"set_upstream"},{"filename":"/home/airflow/.local/lib/python3.13/site-packages/airflow/sdk/definitions/_internal/node.py","lineno":102,"name":"_set_relatives"}],"is_group":false,"exceptions":[]}]}
{"timestamp":"2026-09-14T11:54:27.558925Z","level":"error","event":"Error loading DAG from schedule_dag.py: 'NoneType' object has no attribute 'update_relative'","logger":"airflow.dag_processing.dagbag.BundleDagBag","filename":"dagbag.py","lineno":319}
{"timestamp":"2026-09-14T11:54:58.525757Z","level":"info","event":"Filling up the DagBag from /opt/airflow/dags/schedule_dag.py","logger":"airflow.dag_processing.dagbag.BundleDagBag","filename":"dagbag.py","lineno":460}
{"timestamp":"2026-09-14T11:54:58.589040Z","level":"info","event":"Hello from task_1","logger":"dag_processor.stdout"}
{"timestamp":"2026-09-14T11:54:58.591842Z","level":"error","event":"Failed to import: /opt/airflow/dags/schedule_dag.py","logger":"airflow.dag_processing.importers.python_importer","filename":"python_importer.py","lineno":244,"error_detail":[{"exc_type":"AttributeError","exc_value":"'NoneType' object has no attribute 'update_relative'","exc_notes":[],"syntax_error":null,"is_cause":false,"frames":[{"filename":"/home/airflow/.local/lib/python3.13/site-packages/airflow/dag_processing/importers/python_importer.py","lineno":238,"name":"parse"},{"filename":"<frozen importlib._bootstrap_external>","lineno":1023,"name":"exec_module"},{"filename":"<frozen importlib._bootstrap>","lineno":488,"name":"_call_with_frames_removed"},{"filename":"/opt/airflow/dags/schedule_dag.py","lineno":25,"name":"<module>"},{"filename":"/home/airflow/.local/lib/python3.13/site-packages/airflow/sdk/definitions/dag.py","lineno":1696,"name":"factory"},{"filename":"/opt/airflow/dags/schedule_dag.py","lineno":23,"name":"schedule_dag"},{"filename":"/home/airflow/.local/lib/python3.13/site-packages/airflow/sdk/definitions/_internal/mixins.py","lineno":104,"name":"__rrshift__"},{"filename":"/home/airflow/.local/lib/python3.13/site-packages/airflow/sdk/definitions/_internal/mixins.py","lineno":94,"name":"__lshift__"},{"filename":"/home/airflow/.local/lib/python3.13/site-packages/airflow/sdk/definitions/xcom_arg.py","lineno":148,"name":"set_upstream"},{"filename":"/home/airflow/.local/lib/python3.13/site-packages/airflow/sdk/definitions/_internal/node.py","lineno":158,"name":"set_upstream"},{"filename":"/home/airflow/.local/lib/python3.13/site-packages/airflow/sdk/definitions/_internal/node.py","lineno":102,"name":"_set_relatives"}],"is_group":false,"exceptions":[]}]}
{"timestamp":"2026-09-14T11:54:58.601449Z","level":"error","event":"Error loading DAG from schedule_dag.py: 'NoneType' object has no attribute 'update_relative'","logger":"airflow.dag_processing.dagbag.BundleDagBag","filename":"dagbag.py","lineno":319}
{"timestamp":"2026-09-14T11:55:29.646683Z","level":"info","event":"Filling up the DagBag from /opt/airflow/dags/schedule_dag.py","logger":"airflow.dag_processing.dagbag.BundleDagBag","filename":"dagbag.py","lineno":460}
{"timestamp":"2026-09-14T11:55:29.725874Z","level":"info","event":"Hello from task_1","logger":"dag_processor.stdout"}
{"timestamp":"2026-09-14T11:55:29.729104Z","level":"error","event":"Failed to import: /opt/airflow/dags/schedule_dag.py","logger":"airflow.dag_processing.importers.python_importer","filename":"python_importer.py","lineno":244,"error_detail":[{"exc_type":"AttributeError","exc_value":"'NoneType' object has no attribute 'update_relative'","exc_notes":[],"syntax_error":null,"is_cause":false,"frames":[{"filename":"/home/airflow/.local/lib/python3.13/site-packages/airflow/dag_processing/importers/python_importer.py","lineno":238,"name":"parse"},{"filename":"<frozen importlib._bootstrap_external>","lineno":1023,"name":"exec_module"},{"filename":"<frozen importlib._bootstrap>","lineno":488,"name":"_call_with_frames_removed"},{"filename":"/opt/airflow/dags/schedule_dag.py","lineno":25,"name":"<module>"},{"filename":"/home/airflow/.local/lib/python3.13/site-packages/airflow/sdk/definitions/dag.py","lineno":1696,"name":"factory"},{"filename":"/opt/airflow/dags/schedule_dag.py","lineno":23,"name":"schedule_dag"},{"filename":"/home/airflow/.local/lib/python3.13/site-packages/airflow/sdk/definitions/_internal/mixins.py","lineno":104,"name":"__rrshift__"},{"filename":"/home/airflow/.local/lib/python3.13/site-packages/airflow/sdk/definitions/_internal/mixins.py","lineno":94,"name":"__lshift__"},{"filename":"/home/airflow/.local/lib/python3.13/site-packages/airflow/sdk/definitions/xcom_arg.py","lineno":148,"name":"set_upstream"},{"filename":"/home/airflow/.local/lib/python3.13/site-packages/airflow/sdk/definitions/_internal/node.py","lineno":158,"name":"set_upstream"},{"filename":"/home/airflow/.local/lib/python3.13/site-packages/airflow/sdk/definitions/_internal/node.py","lineno":102,"name":"_set_relatives"}],"is_group":false,"exceptions":[]}]}
{"timestamp":"2026-09-14T11:55:29.731548Z","level":"error","event":"Error loading DAG from schedule_dag.py: 'NoneType' object has no attribute 'update_relative'","logger":"airflow.dag_processing.dagbag.BundleDagBag","filename":"dagbag.py","lineno":319}
{"timestamp":"2026-09-14T11:55:36.382489Z","level":"info","event":"Filling up the DagBag from /opt/airflow/dags/schedule_dag.py","logger":"airflow.dag_processing.dagbag.BundleDagBag","filename":"dagbag.py","lineno":460}
{"timestamp":"2026-09-14T11:56:06.632752Z","level":"info","event":"Filling up the DagBag from /opt/airflow/dags/schedule_dag.py","logger":"airflow.dag_processing.dagbag.BundleDagBag","filename":"dagbag.py","lineno":460}
{"timestamp":"2026-09-14T11:56:36.901368Z","level":"info","event":"Filling up the DagBag from /opt/airflow/dags/schedule_dag.py","logger":"airflow.dag_processing.dagbag.BundleDagBag","filename":"dagbag.py","lineno":460}
{"timestamp":"2026-09-14T11:57:07.165049Z","level":"info","event":"Filling up the DagBag from /opt/airflow/dags/schedule_dag.py","logger":"airflow.dag_processing.dagbag.BundleDagBag","filename":"dagbag.py","lineno":460}
{"timestamp":"2026-09-14T11:57:38.101877Z","level":"info","event":"Filling up the DagBag from /opt/airflow/dags/schedule_dag.py","logger":"airflow.dag_processing.dagbag.BundleDagBag","filename":"dagbag.py","lineno":460}
{"timestamp":"2026-09-14T11:58:09.114094Z","level":"info","event":"Filling up the DagBag from /opt/airflow/dags/schedule_dag.py","logger":"airflow.dag_processing.dagbag.BundleDagBag","filename":"dagbag.py","lineno":460}
{"timestamp":"2026-09-14T11:58:41.596021Z","level":"info","event":"Filling up the DagBag from /opt/airflow/dags/schedule_dag.py","logger":"airflow.dag_processing.dagbag.BundleDagBag","filename":"dagbag.py","lineno":460}
{"timestamp":"2026-09-14T12:37:52.269646Z","level":"info","event":"Filling up the DagBag from /opt/airflow/dags/schedule_dag.py","logger":"airflow.dag_processing.dagbag.BundleDagBag","filename":"dagbag.py","lineno":460}
{"timestamp":"2026-09-14T12:38:23.315580Z","level":"info","event":"Filling up the DagBag from /opt/airflow/dags/schedule_dag.py","logger":"airflow.dag_processing.dagbag.BundleDagBag","filename":"dagbag.py","lineno":460}
{"timestamp":"2026-09-14T13:02:44.997242Z","level":"info","event":"Filling up the DagBag from /opt/airflow/dags/schedule_dag.py","logger":"airflow.dag_processing.dagbag.BundleDagBag","filename":"dagbag.py","lineno":460}
{"timestamp":"2026-09-14T13:03:17.730370Z","level":"info","event":"Filling up the DagBag from /opt/airflow/dags/schedule_dag.py","logger":"airflow.dag_processing.dagbag.BundleDagBag","filename":"dagbag.py","lineno":460}
{"timestamp":"2026-09-14T13:03:48.631654Z","level":"info","event":"Filling up the DagBag from /opt/airflow/dags/schedule_dag.py","logger":"airflow.dag_processing.dagbag.BundleDagBag","filename":"dagbag.py","lineno":460}
{"timestamp":"2026-09-14T13:04:19.133948Z","level":"info","event":"Filling up the DagBag from /opt/airflow/dags/schedule_dag.py","logger":"airflow.dag_processing.dagbag.BundleDagBag","filename":"dagbag.py","lineno":460}
{"timestamp":"2026-09-14T13:04:49.495638Z","level":"info","event":"Filling up the DagBag from /opt/airflow/dags/schedule_dag.py","logger":"airflow.dag_processing.dagbag.BundleDagBag","filename":"dagbag.py","lineno":460}
{"timestamp":"2026-09-14T13:05:19.864057Z","level":"info","event":"Filling up the DagBag from /opt/airflow/dags/schedule_dag.py","logger":"airflow.dag_processing.dagbag.BundleDagBag","filename":"dagbag.py","lineno":460}
{"timestamp":"2026-09-14T13:05:50.209492Z","level":"info","event":"Filling up the DagBag from /opt/airflow/dags/schedule_dag.py","logger":"airflow.dag_processing.dagbag.BundleDagBag","filename":"dagbag.py","lineno":460}
{"timestamp":"2026-09-14T13:06:21.640500Z","level":"info","event":"Filling up the DagBag from /opt/airflow/dags/schedule_dag.py","logger":"airflow.dag_processing.dagbag.BundleDagBag","filename":"dagbag.py","lineno":460}
{"timestamp":"2026-09-14T13:06:52.045448Z","level":"info","event":"Filling up the DagBag from /opt/airflow/dags/schedule_dag.py","logger":"airflow.dag_processing.dagbag.BundleDagBag","filename":"dagbag.py","lineno":460}
{"timestamp":"2026-09-14T13:07:22.244426Z","level":"info","event":"Filling up the DagBag from /opt/airflow/dags/schedule_dag.py","logger":"airflow.dag_processing.dagbag.BundleDagBag","filename":"dagbag.py","lineno":460}
{"timestamp":"2026-09-14T13:07:52.414024Z","level":"info","event":"Filling up the DagBag from /opt/airflow/dags/schedule_dag.py","logger":"airflow.dag_processing.dagbag.BundleDagBag","filename":"dagbag.py","lineno":460}
{"timestamp":"2026-09-14T13:08:22.577936Z","level":"info","event":"Filling up the DagBag from /opt/airflow/dags/schedule_dag.py","logger":"airflow.dag_processing.dagbag.BundleDagBag","filename":"dagbag.py","lineno":460}
{"timestamp":"2026-09-14T13:08:52.793524Z","level":"info","event":"Filling up the DagBag from /opt/airflow/dags/schedule_dag.py","logger":"airflow.dag_processing.dagbag.BundleDagBag","filename":"dagbag.py","lineno":460}
{"timestamp":"2026-09-14T13:09:23.960354Z","level":"info","event":"Filling up the DagBag from /opt/airflow/dags/schedule_dag.py","logger":"airflow.dag_processing.dagbag.BundleDagBag","filename":"dagbag.py","lineno":460}
{"timestamp":"2026-09-14T13:09:54.118432Z","level":"info","event":"Filling up the DagBag from /opt/airflow/dags/schedule_dag.py","logger":"airflow.dag_processing.dagbag.BundleDagBag","filename":"dagbag.py","lineno":460}
{"timestamp":"2026-09-14T13:10:25.240183Z","level":"info","event":"Filling up the DagBag from /opt/airflow/dags/schedule_dag.py","logger":"airflow.dag_processing.dagbag.BundleDagBag","filename":"dagbag.py","lineno":460}
{"timestamp":"2026-09-14T13:10:55.487663Z","level":"info","event":"Filling up the DagBag from /opt/airflow/dags/schedule_dag.py","logger":"airflow.dag_processing.dagbag.BundleDagBag","filename":"dagbag.py","lineno":460}
{"timestamp":"2026-09-14T13:11:25.728748Z","level":"info","event":"Filling up the DagBag from /opt/airflow/dags/schedule_dag.py","logger":"airflow.dag_processing.dagbag.BundleDagBag","filename":"dagbag.py","lineno":460}
{"timestamp":"2026-09-14T13:11:56.013886Z","level":"info","event":"Filling up the DagBag from /opt/airflow/dags/schedule_dag.py","logger":"airflow.dag_processing.dagbag.BundleDagBag","filename":"dagbag.py","lineno":460}
{"timestamp":"2026-09-14T13:12:27.563952Z","level":"info","event":"Filling up the DagBag from /opt/airflow/dags/schedule_dag.py","logger":"airflow.dag_processing.dagbag.BundleDagBag","filename":"dagbag.py","lineno":460}
{"timestamp":"2026-09-14T13:12:58.871242Z","level":"info","event":"Filling up the DagBag from /opt/airflow/dags/schedule_dag.py","logger":"airflow.dag_processing.dagbag.BundleDagBag","filename":"dagbag.py","lineno":460}
{"timestamp":"2026-09-14T13:13:30.409394Z","level":"info","event":"Filling up the DagBag from /opt/airflow/dags/schedule_dag.py","logger":"airflow.dag_processing.dagbag.BundleDagBag","filename":"dagbag.py","lineno":460}
{"timestamp":"2026-09-14T13:14:00.576948Z","level":"info","event":"Filling up the DagBag from /opt/airflow/dags/schedule_dag.py","logger":"airflow.dag_processing.dagbag.BundleDagBag","filename":"dagbag.py","lineno":460}
{"timestamp":"2026-09-14T13:14:30.839823Z","level":"info","event":"Filling up the DagBag from /opt/airflow/dags/schedule_dag.py","logger":"airflow.dag_processing.dagbag.BundleDagBag","filename":"dagbag.py","lineno":460}
{"timestamp":"2026-09-14T13:15:01.086563Z","level":"info","event":"Filling up the DagBag from /opt/airflow/dags/schedule_dag.py","logger":"airflow.dag_processing.dagbag.BundleDagBag","filename":"dagbag.py","lineno":460}
{"timestamp":"2026-09-14T13:15:31.284706Z","level":"info","event":"Filling up the DagBag from /opt/airflow/dags/schedule_dag.py","logger":"airflow.dag_processing.dagbag.BundleDagBag","filename":"dagbag.py","lineno":460}
{"timestamp":"2026-09-14T13:16:01.540550Z","level":"info","event":"Filling up the DagBag from /opt/airflow/dags/schedule_dag.py","logger":"airflow.dag_processing.dagbag.BundleDagBag","filename":"dagbag.py","lineno":460}
{"timestamp":"2026-09-14T13:16:31.794180Z","level":"info","event":"Filling up the DagBag from /opt/airflow/dags/schedule_dag.py","logger":"airflow.dag_processing.dagbag.BundleDagBag","filename":"dagbag.py","lineno":460}
{"timestamp":"2026-09-14T13:17:02.087199Z","level":"info","event":"Filling up the DagBag from /opt/airflow/dags/schedule_dag.py","logger":"airflow.dag_processing.dagbag.BundleDagBag","filename":"dagbag.py","lineno":460}
{"timestamp":"2026-09-14T13:17:33.232964Z","level":"info","event":"Filling up the DagBag from /opt/airflow/dags/schedule_dag.py","logger":"airflow.dag_processing.dagbag.BundleDagBag","filename":"dagbag.py","lineno":460}
{"timestamp":"2026-09-14T13:18:04.347604Z","level":"info","event":"Filling up the DagBag from /opt/airflow/dags/schedule_dag.py","logger":"airflow.dag_processing.dagbag.BundleDagBag","filename":"dagbag.py","lineno":460}
{"timestamp":"2026-09-14T13:18:35.454622Z","level":"info","event":"Filling up the DagBag from /opt/airflow/dags/schedule_dag.py","logger":"airflow.dag_processing.dagbag.BundleDagBag","filename":"dagbag.py","lineno":460}
{"timestamp":"2026-09-14T13:19:05.657980Z","level":"info","event":"Filling up the DagBag from /opt/airflow/dags/schedule_dag.py","logger":"airflow.dag_processing.dagbag.BundleDagBag","filename":"dagbag.py","lineno":460}
{"timestamp":"2026-09-14T13:19:36.162850Z","level":"info","event":"Filling up the DagBag from /opt/airflow/dags/schedule_dag.py","logger":"airflow.dag_processing.dagbag.BundleDagBag","filename":"dagbag.py","lineno":460}
{"timestamp":"2026-09-14T13:20:06.510484Z","level":"info","event":"Filling up the DagBag from /opt/airflow/dags/schedule_dag.py","logger":"airflow.dag_processing.dagbag.BundleDagBag","filename":"dagbag.py","lineno":460}
{"timestamp":"2026-09-14T13:20:37.535523Z","level":"info","event":"Filling up the DagBag from /opt/airflow/dags/schedule_dag.py","logger":"airflow.dag_processing.dagbag.BundleDagBag","filename":"dagbag.py","lineno":460}
{"timestamp":"2026-09-14T13:21:08.121926Z","level":"info","event":"Filling up the DagBag from /opt/airflow/dags/schedule_dag.py","logger":"airflow.dag_processing.dagbag.BundleDagBag","filename":"dagbag.py","lineno":460}
{"timestamp":"2026-09-14T13:21:38.648263Z","level":"info","event":"Filling up the DagBag from /opt/airflow/dags/schedule_dag.py","logger":"airflow.dag_processing.dagbag.BundleDagBag","filename":"dagbag.py","lineno":460}
{"timestamp":"2026-09-14T13:22:09.119057Z","level":"info","event":"Filling up the DagBag from /opt/airflow/dags/schedule_dag.py","logger":"airflow.dag_processing.dagbag.BundleDagBag","filename":"dagbag.py","lineno":460}
{"timestamp":"2026-09-14T13:22:39.309801Z","level":"info","event":"Filling up the DagBag from /opt/airflow/dags/schedule_dag.py","logger":"airflow.dag_processing.dagbag.BundleDagBag","filename":"dagbag.py","lineno":460}
{"timestamp":"2026-09-14T13:23:09.820384Z","level":"info","event":"Filling up the DagBag from /opt/airflow/dags/schedule_dag.py","logger":"airflow.dag_processing.dagbag.BundleDagBag","filename":"dagbag.py","lineno":460}
{"timestamp":"2026-09-14T13:23:40.564571Z","level":"info","event":"Filling up the DagBag from /opt/airflow/dags/schedule_dag.py","logger":"airflow.dag_processing.dagbag.BundleDagBag","filename":"dagbag.py","lineno":460}
{"timestamp":"2026-09-14T13:24:11.211703Z","level":"info","event":"Filling up the DagBag from /opt/airflow/dags/schedule_dag.py","logger":"airflow.dag_processing.dagbag.BundleDagBag","filename":"dagbag.py","lineno":460}
{"timestamp":"2026-09-14T13:24:41.882372Z","level":"info","event":"Filling up the DagBag from /opt/airflow/dags/schedule_dag.py","logger":"airflow.dag_processing.dagbag.BundleDagBag","filename":"dagbag.py","lineno":460}
{"timestamp":"2026-09-14T13:25:12.728706Z","level":"info","event":"Filling up the DagBag from /opt/airflow/dags/schedule_dag.py","logger":"airflow.dag_processing.dagbag.BundleDagBag","filename":"dagbag.py","lineno":460}
{"timestamp":"2026-09-14T13:25:43.567740Z","level":"info","event":"Filling up the DagBag from /opt/airflow/dags/schedule_dag.py","logger":"airflow.dag_processing.dagbag.BundleDagBag","filename":"dagbag.py","lineno":460}
{"timestamp":"2026-09-14T13:26:14.062039Z","level":"info","event":"Filling up the DagBag from /opt/airflow/dags/schedule_dag.py","logger":"airflow.dag_processing.dagbag.BundleDagBag","filename":"dagbag.py","lineno":460}
{"timestamp":"2026-09-14T13:26:44.567896Z","level":"info","event":"Filling up the DagBag from /opt/airflow/dags/schedule_dag.py","logger":"airflow.dag_processing.dagbag.BundleDagBag","filename":"dagbag.py","lineno":460}
{"timestamp":"2026-09-14T13:27:14.973473Z","level":"info","event":"Filling up the DagBag from /opt/airflow/dags/schedule_dag.py","logger":"airflow.dag_processing.dagbag.BundleDagBag","filename":"dagbag.py","lineno":460}
{"timestamp":"2026-09-14T13:27:45.491269Z","level":"info","event":"Filling up the DagBag from /opt/airflow/dags/schedule_dag.py","logger":"airflow.dag_processing.dagbag.BundleDagBag","filename":"dagbag.py","lineno":460}
{"timestamp":"2026-09-14T13:28:16.551205Z","level":"info","event":"Filling up the DagBag from /opt/airflow/dags/schedule_dag.py","logger":"airflow.dag_processing.dagbag.BundleDagBag","filename":"dagbag.py","lineno":460}
{"timestamp":"2026-09-14T13:28:46.965353Z","level":"info","event":"Filling up the DagBag from /opt/airflow/dags/schedule_dag.py","logger":"airflow.dag_processing.dagbag.BundleDagBag","filename":"dagbag.py","lineno":460}
{"timestamp":"2026-09-14T13:29:17.996699Z","level":"info","event":"Filling up the DagBag from /opt/airflow/dags/schedule_dag.py","logger":"airflow.dag_processing.dagbag.BundleDagBag","filename":"dagbag.py","lineno":460}
{"timestamp":"2026-09-14T13:29:48.714163Z","level":"info","event":"Filling up the DagBag from /opt/airflow/dags/schedule_dag.py","logger":"airflow.dag_processing.dagbag.BundleDagBag","filename":"dagbag.py","lineno":460}
{"timestamp":"2026-09-14T13:30:19.134781Z","level":"info","event":"Filling up the DagBag from /opt/airflow/dags/schedule_dag.py","logger":"airflow.dag_processing.dagbag.BundleDagBag","filename":"dagbag.py","lineno":460}
{"timestamp":"2026-09-14T13:30:49.466967Z","level":"info","event":"Filling up the DagBag from /opt/airflow/dags/schedule_dag.py","logger":"airflow.dag_processing.dagbag.BundleDagBag","filename":"dagbag.py","lineno":460}
{"timestamp":"2026-09-14T13:31:20.035927Z","level":"info","event":"Filling up the DagBag from /opt/airflow/dags/schedule_dag.py","logger":"airflow.dag_processing.dagbag.BundleDagBag","filename":"dagbag.py","lineno":460}
{"timestamp":"2026-09-14T13:31:50.316481Z","level":"info","event":"Filling up the DagBag from /opt/airflow/dags/schedule_dag.py","logger":"airflow.dag_processing.dagbag.BundleDagBag","filename":"dagbag.py","lineno":460}
{"timestamp":"2026-09-14T13:32:21.203877Z","level":"info","event":"Filling up the DagBag from /opt/airflow/dags/schedule_dag.py","logger":"airflow.dag_processing.dagbag.BundleDagBag","filename":"dagbag.py","lineno":460}
{"timestamp":"2026-09-14T13:32:51.615303Z","level":"info","event":"Filling up the DagBag from /opt/airflow/dags/schedule_dag.py","logger":"airflow.dag_processing.dagbag.BundleDagBag","filename":"dagbag.py","lineno":460}
{"timestamp":"2026-09-14T13:33:22.208354Z","level":"info","event":"Filling up the DagBag from /opt/airflow/dags/schedule_dag.py","logger":"airflow.dag_processing.dagbag.BundleDagBag","filename":"dagbag.py","lineno":460}
{"timestamp":"2026-09-14T13:33:52.548631Z","level":"info","event":"Filling up the DagBag from /opt/airflow/dags/schedule_dag.py","logger":"airflow.dag_processing.dagbag.BundleDagBag","filename":"dagbag.py","lineno":460}
{"timestamp":"2026-09-14T13:34:22.831802Z","level":"info","event":"Filling up the DagBag from /opt/airflow/dags/schedule_dag.py","logger":"airflow.dag_processing.dagbag.BundleDagBag","filename":"dagbag.py","lineno":460}
{"timestamp":"2026-09-14T13:34:53.857116Z","level":"info","event":"Filling up the DagBag from /opt/airflow/dags/schedule_dag.py","logger":"airflow.dag_processing.dagbag.BundleDagBag","filename":"dagbag.py","lineno":460}
{"timestamp":"2026-09-14T13:35:24.310533Z","level":"info","event":"Filling up the DagBag from /opt/airflow/dags/schedule_dag.py","logger":"airflow.dag_processing.dagbag.BundleDagBag","filename":"dagbag.py","lineno":460}
{"timestamp":"2026-09-14T13:35:55.380601Z","level":"info","event":"Filling up the DagBag from /opt/airflow/dags/schedule_dag.py","logger":"airflow.dag_processing.dagbag.BundleDagBag","filename":"dagbag.py","lineno":460}
{"timestamp":"2026-09-14T13:36:26.358725Z","level":"info","event":"Filling up the DagBag from /opt/airflow/dags/schedule_dag.py","logger":"airflow.dag_processing.dagbag.BundleDagBag","filename":"dagbag.py","lineno":460}
{"timestamp":"2026-09-14T13:36:57.193913Z","level":"info","event":"Filling up the DagBag from /opt/airflow/dags/schedule_dag.py","logger":"airflow.dag_processing.dagbag.BundleDagBag","filename":"dagbag.py","lineno":460}
{"timestamp":"2026-09-14T13:37:28.252512Z","level":"info","event":"Filling up the DagBag from /opt/airflow/dags/schedule_dag.py","logger":"airflow.dag_processing.dagbag.BundleDagBag","filename":"dagbag.py","lineno":460}
{"timestamp":"2026-09-14T13:37:59.084715Z","level":"info","event":"Filling up the DagBag from /opt/airflow/dags/schedule_dag.py","logger":"airflow.dag_processing.dagbag.BundleDagBag","filename":"dagbag.py","lineno":460}
{"timestamp":"2026-09-14T13:38:30.019438Z","level":"info","event":"Filling up the DagBag from /opt/airflow/dags/schedule_dag.py","logger":"airflow.dag_processing.dagbag.BundleDagBag","filename":"dagbag.py","lineno":460}
{"timestamp":"2026-09-14T13:39:00.929199Z","level":"info","event":"Filling up the DagBag from /opt/airflow/dags/schedule_dag.py","logger":"airflow.dag_processing.dagbag.BundleDagBag","filename":"dagbag.py","lineno":460}
{"timestamp":"2026-09-14T13:39:31.675953Z","level":"info","event":"Filling up the DagBag from /opt/airflow/dags/schedule_dag.py","logger":"airflow.dag_processing.dagbag.BundleDagBag","filename":"dagbag.py","lineno":460}
{"timestamp":"2026-09-14T13:40:02.730247Z","level":"info","event":"Filling up the DagBag from /opt/airflow/dags/schedule_dag.py","logger":"airflow.dag_processing.dagbag.BundleDagBag","filename":"dagbag.py","lineno":460}
{"timestamp":"2026-09-14T13:40:33.544860Z","level":"info","event":"Filling up the DagBag from /opt/airflow/dags/schedule_dag.py","logger":"airflow.dag_processing.dagbag.BundleDagBag","filename":"dagbag.py","lineno":460}
{"timestamp":"2026-09-14T13:41:03.768380Z","level":"info","event":"Filling up the DagBag from /opt/airflow/dags/schedule_dag.py","logger":"airflow.dag_processing.dagbag.BundleDagBag","filename":"dagbag.py","lineno":460}
{"timestamp":"2026-09-14T13:41:34.337794Z","level":"info","event":"Filling up the DagBag from /opt/airflow/dags/schedule_dag.py","logger":"airflow.dag_processing.dagbag.BundleDagBag","filename":"dagbag.py","lineno":460}
{"timestamp":"2026-09-14T13:42:05.541679Z","level":"info","event":"Filling up the DagBag from /opt/airflow/dags/schedule_dag.py","logger":"airflow.dag_processing.dagbag.BundleDagBag","filename":"dagbag.py","lineno":460}
{"timestamp":"2026-09-14T13:42:36.678094Z","level":"info","event":"Filling up the DagBag from /opt/airflow/dags/schedule_dag.py","logger":"airflow.dag_processing.dagbag.BundleDagBag","filename":"dagbag.py","lineno":460}
{"timestamp":"2026-09-14T13:43:07.725654Z","level":"info","event":"Filling up the DagBag from /opt/airflow/dags/schedule_dag.py","logger":"airflow.dag_processing.dagbag.BundleDagBag","filename":"dagbag.py","lineno":460}
{"timestamp":"2026-09-14T13:43:38.327235Z","level":"info","event":"Filling up the DagBag from /opt/airflow/dags/schedule_dag.py","logger":"airflow.dag_processing.dagbag.BundleDagBag","filename":"dagbag.py","lineno":460}
{"timestamp":"2026-09-14T13:44:08.690130Z","level":"info","event":"Filling up the DagBag from /opt/airflow/dags/schedule_dag.py","logger":"airflow.dag_processing.dagbag.BundleDagBag","filename":"dagbag.py","lineno":460}
{"timestamp":"2026-09-14T13:44:39.041538Z","level":"info","event":"Filling up the DagBag from /opt/airflow/dags/schedule_dag.py","logger":"airflow.dag_processing.dagbag.BundleDagBag","filename":"dagbag.py","lineno":460}
{"timestamp":"2026-09-14T13:45:12.661689Z","level":"info","event":"Filling up the DagBag from /opt/airflow/dags/schedule_dag.py","logger":"airflow.dag_processing.dagbag.BundleDagBag","filename":"dagbag.py","lineno":460}
{"timestamp":"2026-09-14T13:45:44.601976Z","level":"info","event":"Filling up the DagBag from /opt/airflow/dags/schedule_dag.py","logger":"airflow.dag_processing.dagbag.BundleDagBag","filename":"dagbag.py","lineno":460}
{"timestamp":"2026-09-14T13:46:14.871896Z","level":"info","event":"Filling up the DagBag from /opt/airflow/dags/schedule_dag.py","logger":"airflow.dag_processing.dagbag.BundleDagBag","filename":"dagbag.py","lineno":460}
{"timestamp":"2026-09-14T13:46:45.960147Z","level":"info","event":"Filling up the DagBag from /opt/airflow/dags/schedule_dag.py","logger":"airflow.dag_processing.dagbag.BundleDagBag","filename":"dagbag.py","lineno":460}
{"timestamp":"2026-09-14T13:47:16.274661Z","level":"info","event":"Filling up the DagBag from /opt/airflow/dags/schedule_dag.py","logger":"airflow.dag_processing.dagbag.BundleDagBag","filename":"dagbag.py","lineno":460}
{"timestamp":"2026-09-14T13:47:47.393705Z","level":"info","event":"Filling up the DagBag from /opt/airflow/dags/schedule_dag.py","logger":"airflow.dag_processing.dagbag.BundleDagBag","filename":"dagbag.py","lineno":460}
{"timestamp":"2026-09-14T13:48:17.746085Z","level":"info","event":"Filling up the DagBag from /opt/airflow/dags/schedule_dag.py","logger":"airflow.dag_processing.dagbag.BundleDagBag","filename":"dagbag.py","lineno":460}
{"timestamp":"2026-09-14T13:48:47.888734Z","level":"info","event":"Filling up the DagBag from /opt/airflow/dags/schedule_dag.py","logger":"airflow.dag_processing.dagbag.BundleDagBag","filename":"dagbag.py","lineno":460}
{"timestamp":"2026-09-14T13:49:18.265798Z","level":"info","event":"Filling up the DagBag from /opt/airflow/dags/schedule_dag.py","logger":"airflow.dag_processing.dagbag.BundleDagBag","filename":"dagbag.py","lineno":460}
{"timestamp":"2026-09-14T13:49:48.571606Z","level":"info","event":"Filling up the DagBag from /opt/airflow/dags/schedule_dag.py","logger":"airflow.dag_processing.dagbag.BundleDagBag","filename":"dagbag.py","lineno":460}
{"timestamp":"2026-09-14T13:50:19.632045Z","level":"info","event":"Filling up the DagBag from /opt/airflow/dags/schedule_dag.py","logger":"airflow.dag_processing.dagbag.BundleDagBag","filename":"dagbag.py","lineno":460}
{"timestamp":"2026-09-14T13:50:49.833116Z","level":"info","event":"Filling up the DagBag from /opt/airflow/dags/schedule_dag.py","logger":"airflow.dag_processing.dagbag.BundleDagBag","filename":"dagbag.py","lineno":460}
{"timestamp":"2026-09-14T13:51:19.934122Z","level":"info","event":"Filling up the DagBag from /opt/airflow/dags/schedule_dag.py","logger":"airflow.dag_processing.dagbag.BundleDagBag","filename":"dagbag.py","lineno":460}
{"timestamp":"2026-09-14T13:51:50.855311Z","level":"info","event":"Filling up the DagBag from /opt/airflow/dags/schedule_dag.py","logger":"airflow.dag_processing.dagbag.BundleDagBag","filename":"dagbag.py","lineno":460}
{"timestamp":"2026-09-14T13:53:58.941929Z","level":"info","event":"Filling up the DagBag from /opt/airflow/dags/schedule_dag.py","logger":"airflow.dag_processing.dagbag.BundleDagBag","filename":"dagbag.py","lineno":460}
{"timestamp":"2026-09-14T13:54:30.001737Z","level":"info","event":"Filling up the DagBag from /opt/airflow/dags/schedule_dag.py","logger":"airflow.dag_processing.dagbag.BundleDagBag","filename":"dagbag.py","lineno":460}
{"timestamp":"2026-09-14T13:55:08.171450Z","level":"info","event":"Filling up the DagBag from /opt/airflow/dags/schedule_dag.py","logger":"airflow.dag_processing.dagbag.BundleDagBag","filename":"dagbag.py","lineno":460}
{"timestamp":"2026-09-14T13:55:39.235396Z","level":"info","event":"Filling up the DagBag from /opt/airflow/dags/schedule_dag.py","logger":"airflow.dag_processing.dagbag.BundleDagBag","filename":"dagbag.py","lineno":460}
{"timestamp":"2026-09-14T14:25:59.329940Z","level":"info","event":"Filling up the DagBag from /opt/airflow/dags/schedule_dag.py","logger":"airflow.dag_processing.dagbag.BundleDagBag","filename":"dagbag.py","lineno":460}
{"timestamp":"2026-09-14T14:54:49.062381Z","level":"info","event":"Filling up the DagBag from /opt/airflow/dags/schedule_dag.py","logger":"airflow.dag_processing.dagbag.BundleDagBag","filename":"dagbag.py","lineno":460}
{"timestamp":"2026-09-14T14:55:20.283151Z","level":"info","event":"Filling up the DagBag from /opt/airflow/dags/schedule_dag.py","logger":"airflow.dag_processing.dagbag.BundleDagBag","filename":"dagbag.py","lineno":460}
{"timestamp":"2026-09-14T15:05:05.368975Z","level":"info","event":"Filling up the DagBag from /opt/airflow/dags/schedule_dag.py","logger":"airflow.dag_processing.dagbag.BundleDagBag","filename":"dagbag.py","lineno":460}
{"timestamp":"2026-09-14T15:05:36.242159Z","level":"info","event":"Filling up the DagBag from /opt/airflow/dags/schedule_dag.py","logger":"airflow.dag_processing.dagbag.BundleDagBag","filename":"dagbag.py","lineno":460}
{"timestamp":"2026-09-14T15:06:10.792267Z","level":"info","event":"Filling up the DagBag from /opt/airflow/dags/schedule_dag.py","logger":"airflow.dag_processing.dagbag.BundleDagBag","filename":"dagbag.py","lineno":460}
{"timestamp":"2026-09-14T15:11:23.047186Z","level":"info","event":"Filling up the DagBag from /opt/airflow/dags/schedule_dag.py","logger":"airflow.dag_processing.dagbag.BundleDagBag","filename":"dagbag.py","lineno":460}
{"timestamp":"2026-09-14T15:12:36.612628Z","level":"info","event":"Filling up the DagBag from /opt/airflow/dags/schedule_dag.py","logger":"airflow.dag_processing.dagbag.BundleDagBag","filename":"dagbag.py","lineno":460}
{"timestamp":"2026-09-14T15:13:09.261955Z","level":"info","event":"Filling up the DagBag from /opt/airflow/dags/schedule_dag.py","logger":"airflow.dag_processing.dagbag.BundleDagBag","filename":"dagbag.py","lineno":460}
{"timestamp":"2026-09-14T15:22:40.749167Z","level":"info","event":"Filling up the DagBag from /opt/airflow/dags/schedule_dag.py","logger":"airflow.dag_processing.dagbag.BundleDagBag","filename":"dagbag.py","lineno":460}
{"timestamp":"2026-09-14T15:23:20.023704Z","level":"info","event":"Filling up the DagBag from /opt/airflow/dags/schedule_dag.py","logger":"airflow.dag_processing.dagbag.BundleDagBag","filename":"dagbag.py","lineno":460}
{"timestamp":"2026-09-14T15:27:02.912183Z","level":"info","event":"Filling up the DagBag from /opt/airflow/dags/schedule_dag.py","logger":"airflow.dag_processing.dagbag.BundleDagBag","filename":"dagbag.py","lineno":460}
{"timestamp":"2026-09-14T15:27:33.950845Z","level":"info","event":"Filling up the DagBag from /opt/airflow/dags/schedule_dag.py","logger":"airflow.dag_processing.dagbag.BundleDagBag","filename":"dagbag.py","lineno":460}
{"timestamp":"2026-09-14T15:30:18.643152Z","level":"info","event":"Filling up the DagBag from /opt/airflow/dags/schedule_dag.py","logger":"airflow.dag_processing.dagbag.BundleDagBag","filename":"dagbag.py","lineno":460}
{"timestamp":"2026-09-14T15:32:55.845450Z","level":"info","event":"Filling up the DagBag from /opt/airflow/dags/schedule_dag.py","logger":"airflow.dag_processing.dagbag.BundleDagBag","filename":"dagbag.py","lineno":460}
{"timestamp":"2026-09-14T15:51:12.107446Z","level":"info","event":"Filling up the DagBag from /opt/airflow/dags/schedule_dag.py","logger":"airflow.dag_processing.dagbag.BundleDagBag","filename":"dagbag.py","lineno":460}
{"timestamp":"2026-09-14T15:51:44.097008Z","level":"info","event":"Filling up the DagBag from /opt/airflow/dags/schedule_dag.py","logger":"airflow.dag_processing.dagbag.BundleDagBag","filename":"dagbag.py","lineno":460}
{"timestamp":"2026-09-14T15:52:15.335639Z","level":"info","event":"Filling up the DagBag from /opt/airflow/dags/schedule_dag.py","logger":"airflow.dag_processing.dagbag.BundleDagBag","filename":"dagbag.py","lineno":460}
{"timestamp":"2026-09-14T16:07:47.034993Z","level":"info","event":"Filling up the DagBag from /opt/airflow/dags/schedule_dag.py","logger":"airflow.dag_processing.dagbag.BundleDagBag","filename":"dagbag.py","lineno":460}
{"timestamp":"2026-09-14T16:09:01.513831Z","level":"info","event":"Filling up the DagBag from /opt/airflow/dags/schedule_dag.py","logger":"airflow.dag_processing.dagbag.BundleDagBag","filename":"dagbag.py","lineno":460}
{"timestamp":"2026-09-14T16:09:32.567409Z","level":"info","event":"Filling up the DagBag from /opt/airflow/dags/schedule_dag.py","logger":"airflow.dag_processing.dagbag.BundleDagBag","filename":"dagbag.py","lineno":460}
{"timestamp":"2026-09-14T16:10:04.023389Z","level":"info","event":"Filling up the DagBag from /opt/airflow/dags/schedule_dag.py","logger":"airflow.dag_processing.dagbag.BundleDagBag","filename":"dagbag.py","lineno":460}
{"timestamp":"2026-09-14T16:12:35.303034Z","level":"info","event":"Filling up the DagBag from /opt/airflow/dags/schedule_dag.py","logger":"airflow.dag_processing.dagbag.BundleDagBag","filename":"dagbag.py","lineno":460}
{"timestamp":"2026-09-14T16:13:05.966050Z","level":"info","event":"Filling up the DagBag from /opt/airflow/dags/schedule_dag.py","logger":"airflow.dag_processing.dagbag.BundleDagBag","filename":"dagbag.py","lineno":460}
{"timestamp":"2026-09-14T16:13:36.415827Z","level":"info","event":"Filling up the DagBag from /opt/airflow/dags/schedule_dag.py","logger":"airflow.dag_processing.dagbag.BundleDagBag","filename":"dagbag.py","lineno":460}
{"timestamp":"2026-09-14T16:14:06.667435Z","level":"info","event":"Filling up the DagBag from /opt/airflow/dags/schedule_dag.py","logger":"airflow.dag_processing.dagbag.BundleDagBag","filename":"dagbag.py","lineno":460}
{"timestamp":"2026-09-14T16:14:37.878124Z","level":"info","event":"Filling up the DagBag from /opt/airflow/dags/schedule_dag.py","logger":"airflow.dag_processing.dagbag.BundleDagBag","filename":"dagbag.py","lineno":460}
{"timestamp":"2026-09-14T16:15:08.373117Z","level":"info","event":"Filling up the DagBag from /opt/airflow/dags/schedule_dag.py","logger":"airflow.dag_processing.dagbag.BundleDagBag","filename":"dagbag.py","lineno":460}
{"timestamp":"2026-09-14T16:15:39.452126Z","level":"info","event":"Filling up the DagBag from /opt/airflow/dags/schedule_dag.py","logger":"airflow.dag_processing.dagbag.BundleDagBag","filename":"dagbag.py","lineno":460}
{"timestamp":"2026-09-14T16:16:10.435399Z","level":"info","event":"Filling up the DagBag from /opt/airflow/dags/schedule_dag.py","logger":"airflow.dag_processing.dagbag.BundleDagBag","filename":"dagbag.py","lineno":460}
{"timestamp":"2026-09-14T16:16:41.460679Z","level":"info","event":"Filling up the DagBag from /opt/airflow/dags/schedule_dag.py","logger":"airflow.dag_processing.dagbag.BundleDagBag","filename":"dagbag.py","lineno":460}
{"timestamp":"2026-09-14T16:17:12.387624Z","level":"info","event":"Filling up the DagBag from /opt/airflow/dags/schedule_dag.py","logger":"airflow.dag_processing.dagbag.BundleDagBag","filename":"dagbag.py","lineno":460}
{"timestamp":"2026-09-14T16:17:44.021728Z","level":"info","event":"Filling up the DagBag from /opt/airflow/dags/schedule_dag.py","logger":"airflow.dag_processing.dagbag.BundleDagBag","filename":"dagbag.py","lineno":460}
{"timestamp":"2026-09-14T16:18:15.178736Z","level":"info","event":"Filling up the DagBag from /opt/airflow/dags/schedule_dag.py","logger":"airflow.dag_processing.dagbag.BundleDagBag","filename":"dagbag.py","lineno":460}
{"timestamp":"2026-09-14T16:18:45.563597Z","level":"info","event":"Filling up the DagBag from /opt/airflow/dags/schedule_dag.py","logger":"airflow.dag_processing.dagbag.BundleDagBag","filename":"dagbag.py","lineno":460}
{"timestamp":"2026-09-14T16:19:16.670441Z","level":"info","event":"Filling up the DagBag from /opt/airflow/dags/schedule_dag.py","logger":"airflow.dag_processing.dagbag.BundleDagBag","filename":"dagbag.py","lineno":460}
{"timestamp":"2026-09-14T16:19:47.807173Z","level":"info","event":"Filling up the DagBag from /opt/airflow/dags/schedule_dag.py","logger":"airflow.dag_processing.dagbag.BundleDagBag","filename":"dagbag.py","lineno":460}
{"timestamp":"2026-09-14T16:20:18.017541Z","level":"info","event":"Filling up the DagBag from /opt/airflow/dags/schedule_dag.py","logger":"airflow.dag_processing.dagbag.BundleDagBag","filename":"dagbag.py","lineno":460}
{"timestamp":"2026-09-14T16:20:48.260441Z","level":"info","event":"Filling up the DagBag from /opt/airflow/dags/schedule_dag.py","logger":"airflow.dag_processing.dagbag.BundleDagBag","filename":"dagbag.py","lineno":460}
{"timestamp":"2026-09-14T16:21:18.475471Z","level":"info","event":"Filling up the DagBag from /opt/airflow/dags/schedule_dag.py","logger":"airflow.dag_processing.dagbag.BundleDagBag","filename":"dagbag.py","lineno":460}
{"timestamp":"2026-09-14T16:21:49.522951Z","level":"info","event":"Filling up the DagBag from /opt/airflow/dags/schedule_dag.py","logger":"airflow.dag_processing.dagbag.BundleDagBag","filename":"dagbag.py","lineno":460}
{"timestamp":"2026-09-14T16:22:20.554156Z","level":"info","event":"Filling up the DagBag from /opt/airflow/dags/schedule_dag.py","logger":"airflow.dag_processing.dagbag.BundleDagBag","filename":"dagbag.py","lineno":460}
{"timestamp":"2026-09-14T16:22:51.521593Z","level":"info","event":"Filling up the DagBag from /opt/airflow/dags/schedule_dag.py","logger":"airflow.dag_processing.dagbag.BundleDagBag","filename":"dagbag.py","lineno":460}
{"timestamp":"2026-09-14T16:23:22.507489Z","level":"info","event":"Filling up the DagBag from /opt/airflow/dags/schedule_dag.py","logger":"airflow.dag_processing.dagbag.BundleDagBag","filename":"dagbag.py","lineno":460}
{"timestamp":"2026-09-14T16:23:53.536078Z","level":"info","event":"Filling up the DagBag from /opt/airflow/dags/schedule_dag.py","logger":"airflow.dag_processing.dagbag.BundleDagBag","filename":"dagbag.py","lineno":460}
{"timestamp":"2026-09-14T16:24:24.491784Z","level":"info","event":"Filling up the DagBag from /opt/airflow/dags/schedule_dag.py","logger":"airflow.dag_processing.dagbag.BundleDagBag","filename":"dagbag.py","lineno":460}
{"timestamp":"2026-09-14T16:24:55.590684Z","level":"info","event":"Filling up the DagBag from /opt/airflow/dags/schedule_dag.py","logger":"airflow.dag_processing.dagbag.BundleDagBag","filename":"dagbag.py","lineno":460}
{"timestamp":"2026-09-14T16:25:26.664429Z","level":"info","event":"Filling up the DagBag from /opt/airflow/dags/schedule_dag.py","logger":"airflow.dag_processing.dagbag.BundleDagBag","filename":"dagbag.py","lineno":460}
{"timestamp":"2026-09-14T16:25:56.863513Z","level":"info","event":"Filling up the DagBag from /opt/airflow/dags/schedule_dag.py","logger":"airflow.dag_processing.dagbag.BundleDagBag","filename":"dagbag.py","lineno":460}
{"timestamp":"2026-09-14T16:26:27.848644Z","level":"info","event":"Filling up the DagBag from /opt/airflow/dags/schedule_dag.py","logger":"airflow.dag_processing.dagbag.BundleDagBag","filename":"dagbag.py","lineno":460}
{"timestamp":"2026-09-14T16:26:58.955646Z","level":"info","event":"Filling up the DagBag from /opt/airflow/dags/schedule_dag.py","logger":"airflow.dag_processing.dagbag.BundleDagBag","filename":"dagbag.py","lineno":460}
{"timestamp":"2026-09-14T16:27:29.778553Z","level":"info","event":"Filling up the DagBag from /opt/airflow/dags/schedule_dag.py","logger":"airflow.dag_processing.dagbag.BundleDagBag","filename":"dagbag.py","lineno":460}
{"timestamp":"2026-09-14T16:28:00.022919Z","level":"info","event":"Filling up the DagBag from /opt/airflow/dags/schedule_dag.py","logger":"airflow.dag_processing.dagbag.BundleDagBag","filename":"dagbag.py","lineno":460}
{"timestamp":"2026-09-14T16:28:30.295019Z","level":"info","event":"Filling up the DagBag from /opt/airflow/dags/schedule_dag.py","logger":"airflow.dag_processing.dagbag.BundleDagBag","filename":"dagbag.py","lineno":460}
{"timestamp":"2026-09-14T16:29:01.492269Z","level":"info","event":"Filling up the DagBag from /opt/airflow/dags/schedule_dag.py","logger":"airflow.dag_processing.dagbag.BundleDagBag","filename":"dagbag.py","lineno":460}
{"timestamp":"2026-09-14T16:29:32.715194Z","level":"info","event":"Filling up the DagBag from /opt/airflow/dags/schedule_dag.py","logger":"airflow.dag_processing.dagbag.BundleDagBag","filename":"dagbag.py","lineno":460}
{"timestamp":"2026-09-14T16:30:03.090044Z","level":"info","event":"Filling up the DagBag from /opt/airflow/dags/schedule_dag.py","logger":"airflow.dag_processing.dagbag.BundleDagBag","filename":"dagbag.py","lineno":460}
{"timestamp":"2026-09-14T16:30:33.658939Z","level":"info","event":"Filling up the DagBag from /opt/airflow/dags/schedule_dag.py","logger":"airflow.dag_processing.dagbag.BundleDagBag","filename":"dagbag.py","lineno":460}
{"timestamp":"2026-09-14T16:31:03.876216Z","level":"info","event":"Filling up the DagBag from /opt/airflow/dags/schedule_dag.py","logger":"airflow.dag_processing.dagbag.BundleDagBag","filename":"dagbag.py","lineno":460}
{"timestamp":"2026-09-14T16:31:35.049920Z","level":"info","event":"Filling up the DagBag from /opt/airflow/dags/schedule_dag.py","logger":"airflow.dag_processing.dagbag.BundleDagBag","filename":"dagbag.py","lineno":460}
{"timestamp":"2026-09-14T16:32:06.181078Z","level":"info","event":"Filling up the DagBag from /opt/airflow/dags/schedule_dag.py","logger":"airflow.dag_processing.dagbag.BundleDagBag","filename":"dagbag.py","lineno":460}
{"timestamp":"2026-09-14T16:32:36.432401Z","level":"info","event":"Filling up the DagBag from /opt/airflow/dags/schedule_dag.py","logger":"airflow.dag_processing.dagbag.BundleDagBag","filename":"dagbag.py","lineno":460}
{"timestamp":"2026-09-14T16:33:07.721098Z","level":"info","event":"Filling up the DagBag from /opt/airflow/dags/schedule_dag.py","logger":"airflow.dag_processing.dagbag.BundleDagBag","filename":"dagbag.py","lineno":460}
{"timestamp":"2026-09-14T16:33:38.892062Z","level":"info","event":"Filling up the DagBag from /opt/airflow/dags/schedule_dag.py","logger":"airflow.dag_processing.dagbag.BundleDagBag","filename":"dagbag.py","lineno":460}
{"timestamp":"2026-09-14T16:34:09.489015Z","level":"info","event":"Filling up the DagBag from /opt/airflow/dags/schedule_dag.py","logger":"airflow.dag_processing.dagbag.BundleDagBag","filename":"dagbag.py","lineno":460}
{"timestamp":"2026-09-14T16:34:40.706754Z","level":"info","event":"Filling up the DagBag from /opt/airflow/dags/schedule_dag.py","logger":"airflow.dag_processing.dagbag.BundleDagBag","filename":"dagbag.py","lineno":460}
{"timestamp":"2026-09-14T16:35:11.207343Z","level":"info","event":"Filling up the DagBag from /opt/airflow/dags/schedule_dag.py","logger":"airflow.dag_processing.dagbag.BundleDagBag","filename":"dagbag.py","lineno":460}
{"timestamp":"2026-09-14T16:35:41.453653Z","level":"info","event":"Filling up the DagBag from /opt/airflow/dags/schedule_dag.py","logger":"airflow.dag_processing.dagbag.BundleDagBag","filename":"dagbag.py","lineno":460}
{"timestamp":"2026-09-14T16:36:11.940544Z","level":"info","event":"Filling up the DagBag from /opt/airflow/dags/schedule_dag.py","logger":"airflow.dag_processing.dagbag.BundleDagBag","filename":"dagbag.py","lineno":460}
{"timestamp":"2026-09-14T16:36:43.084747Z","level":"info","event":"Filling up the DagBag from /opt/airflow/dags/schedule_dag.py","logger":"airflow.dag_processing.dagbag.BundleDagBag","filename":"dagbag.py","lineno":460}
{"timestamp":"2026-09-14T16:37:14.093269Z","level":"info","event":"Filling up the DagBag from /opt/airflow/dags/schedule_dag.py","logger":"airflow.dag_processing.dagbag.BundleDagBag","filename":"dagbag.py","lineno":460}
{"timestamp":"2026-09-14T16:37:45.155832Z","level":"info","event":"Filling up the DagBag from /opt/airflow/dags/schedule_dag.py","logger":"airflow.dag_processing.dagbag.BundleDagBag","filename":"dagbag.py","lineno":460}
{"timestamp":"2026-09-14T16:38:16.357962Z","level":"info","event":"Filling up the DagBag from /opt/airflow/dags/schedule_dag.py","logger":"airflow.dag_processing.dagbag.BundleDagBag","filename":"dagbag.py","lineno":460}
{"timestamp":"2026-09-14T16:38:47.434677Z","level":"info","event":"Filling up the DagBag from /opt/airflow/dags/schedule_dag.py","logger":"airflow.dag_processing.dagbag.BundleDagBag","filename":"dagbag.py","lineno":460}
{"timestamp":"2026-09-14T16:39:17.937613Z","level":"info","event":"Filling up the DagBag from /opt/airflow/dags/schedule_dag.py","logger":"airflow.dag_processing.dagbag.BundleDagBag","filename":"dagbag.py","lineno":460}
{"timestamp":"2026-09-14T16:39:49.011694Z","level":"info","event":"Filling up the DagBag from /opt/airflow/dags/schedule_dag.py","logger":"airflow.dag_processing.dagbag.BundleDagBag","filename":"dagbag.py","lineno":460}
{"timestamp":"2026-09-14T16:40:20.063490Z","level":"info","event":"Filling up the DagBag from /opt/airflow/dags/schedule_dag.py","logger":"airflow.dag_processing.dagbag.BundleDagBag","filename":"dagbag.py","lineno":460}
{"timestamp":"2026-09-14T16:40:50.308156Z","level":"info","event":"Filling up the DagBag from /opt/airflow/dags/schedule_dag.py","logger":"airflow.dag_processing.dagbag.BundleDagBag","filename":"dagbag.py","lineno":460}
{"timestamp":"2026-09-14T16:41:21.257650Z","level":"info","event":"Filling up the DagBag from /opt/airflow/dags/schedule_dag.py","logger":"airflow.dag_processing.dagbag.BundleDagBag","filename":"dagbag.py","lineno":460}
{"timestamp":"2026-09-14T16:41:51.562527Z","level":"info","event":"Filling up the DagBag from /opt/airflow/dags/schedule_dag.py","logger":"airflow.dag_processing.dagbag.BundleDagBag","filename":"dagbag.py","lineno":460}
{"timestamp":"2026-09-14T16:42:22.076163Z","level":"info","event":"Filling up the DagBag from /opt/airflow/dags/schedule_dag.py","logger":"airflow.dag_processing.dagbag.BundleDagBag","filename":"dagbag.py","lineno":460}
{"timestamp":"2026-09-14T16:42:52.795594Z","level":"info","event":"Filling up the DagBag from /opt/airflow/dags/schedule_dag.py","logger":"airflow.dag_processing.dagbag.BundleDagBag","filename":"dagbag.py","lineno":460}
{"timestamp":"2026-09-14T16:43:23.177846Z","level":"info","event":"Filling up the DagBag from /opt/airflow/dags/schedule_dag.py","logger":"airflow.dag_processing.dagbag.BundleDagBag","filename":"dagbag.py","lineno":460}
{"timestamp":"2026-09-14T16:43:53.443275Z","level":"info","event":"Filling up the DagBag from /opt/airflow/dags/schedule_dag.py","logger":"airflow.dag_processing.dagbag.BundleDagBag","filename":"dagbag.py","lineno":460}
{"timestamp":"2026-09-14T16:44:24.573845Z","level":"info","event":"Filling up the DagBag from /opt/airflow/dags/schedule_dag.py","logger":"airflow.dag_processing.dagbag.BundleDagBag","filename":"dagbag.py","lineno":460}
{"timestamp":"2026-09-14T16:44:54.827176Z","level":"info","event":"Filling up the DagBag from /opt/airflow/dags/schedule_dag.py","logger":"airflow.dag_processing.dagbag.BundleDagBag","filename":"dagbag.py","lineno":460}
{"timestamp":"2026-09-14T16:45:25.077964Z","level":"info","event":"Filling up the DagBag from /opt/airflow/dags/schedule_dag.py","logger":"airflow.dag_processing.dagbag.BundleDagBag","filename":"dagbag.py","lineno":460}
{"timestamp":"2026-09-14T16:45:55.865553Z","level":"info","event":"Filling up the DagBag from /opt/airflow/dags/schedule_dag.py","logger":"airflow.dag_processing.dagbag.BundleDagBag","filename":"dagbag.py","lineno":460}
{"timestamp":"2026-09-14T16:46:27.036584Z","level":"info","event":"Filling up the DagBag from /opt/airflow/dags/schedule_dag.py","logger":"airflow.dag_processing.dagbag.BundleDagBag","filename":"dagbag.py","lineno":460}
{"timestamp":"2026-09-14T16:46:58.187251Z","level":"info","event":"Filling up the DagBag from /opt/airflow/dags/schedule_dag.py","logger":"airflow.dag_processing.dagbag.BundleDagBag","filename":"dagbag.py","lineno":460}
{"timestamp":"2026-09-14T16:47:29.356919Z","level":"info","event":"Filling up the DagBag from /opt/airflow/dags/schedule_dag.py","logger":"airflow.dag_processing.dagbag.BundleDagBag","filename":"dagbag.py","lineno":460}
{"timestamp":"2026-09-14T16:47:59.926219Z","level":"info","event":"Filling up the DagBag from /opt/airflow/dags/schedule_dag.py","logger":"airflow.dag_processing.dagbag.BundleDagBag","filename":"dagbag.py","lineno":460}
{"timestamp":"2026-09-14T16:48:31.034823Z","level":"info","event":"Filling up the DagBag from /opt/airflow/dags/schedule_dag.py","logger":"airflow.dag_processing.dagbag.BundleDagBag","filename":"dagbag.py","lineno":460}
{"timestamp":"2026-09-14T16:49:01.708152Z","level":"info","event":"Filling up the DagBag from /opt/airflow/dags/schedule_dag.py","logger":"airflow.dag_processing.dagbag.BundleDagBag","filename":"dagbag.py","lineno":460}
{"timestamp":"2026-09-14T16:49:32.061233Z","level":"info","event":"Filling up the DagBag from /opt/airflow/dags/schedule_dag.py","logger":"airflow.dag_processing.dagbag.BundleDagBag","filename":"dagbag.py","lineno":460}
{"timestamp":"2026-09-14T16:50:02.580302Z","level":"info","event":"Filling up the DagBag from /opt/airflow/dags/schedule_dag.py","logger":"airflow.dag_processing.dagbag.BundleDagBag","filename":"dagbag.py","lineno":460}
{"timestamp":"2026-09-14T16:50:33.784365Z","level":"info","event":"Filling up the DagBag from /opt/airflow/dags/schedule_dag.py","logger":"airflow.dag_processing.dagbag.BundleDagBag","filename":"dagbag.py","lineno":460}
{"timestamp":"2026-09-14T16:51:04.109366Z","level":"info","event":"Filling up the DagBag from /opt/airflow/dags/schedule_dag.py","logger":"airflow.dag_processing.dagbag.BundleDagBag","filename":"dagbag.py","lineno":460}
{"timestamp":"2026-09-14T16:51:34.352538Z","level":"info","event":"Filling up the DagBag from /opt/airflow/dags/schedule_dag.py","logger":"airflow.dag_processing.dagbag.BundleDagBag","filename":"dagbag.py","lineno":460}
{"timestamp":"2026-09-14T16:52:05.499831Z","level":"info","event":"Filling up the DagBag from /opt/airflow/dags/schedule_dag.py","logger":"airflow.dag_processing.dagbag.BundleDagBag","filename":"dagbag.py","lineno":460}
{"timestamp":"2026-09-14T16:52:36.718495Z","level":"info","event":"Filling up the DagBag from /opt/airflow/dags/schedule_dag.py","logger":"airflow.dag_processing.dagbag.BundleDagBag","filename":"dagbag.py","lineno":460}
{"timestamp":"2026-09-14T16:53:07.997367Z","level":"info","event":"Filling up the DagBag from /opt/airflow/dags/schedule_dag.py","logger":"airflow.dag_processing.dagbag.BundleDagBag","filename":"dagbag.py","lineno":460}
{"timestamp":"2026-09-14T16:53:38.332955Z","level":"info","event":"Filling up the DagBag from /opt/airflow/dags/schedule_dag.py","logger":"airflow.dag_processing.dagbag.BundleDagBag","filename":"dagbag.py","lineno":460}
{"timestamp":"2026-09-14T16:54:09.473916Z","level":"info","event":"Filling up the DagBag from /opt/airflow/dags/schedule_dag.py","logger":"airflow.dag_processing.dagbag.BundleDagBag","filename":"dagbag.py","lineno":460}
{"timestamp":"2026-09-14T16:54:40.499677Z","level":"info","event":"Filling up the DagBag from /opt/airflow/dags/schedule_dag.py","logger":"airflow.dag_processing.dagbag.BundleDagBag","filename":"dagbag.py","lineno":460}
{"timestamp":"2026-09-14T16:55:11.594435Z","level":"info","event":"Filling up the DagBag from /opt/airflow/dags/schedule_dag.py","logger":"airflow.dag_processing.dagbag.BundleDagBag","filename":"dagbag.py","lineno":460}
{"timestamp":"2026-09-14T16:55:42.634810Z","level":"info","event":"Filling up the DagBag from /opt/airflow/dags/schedule_dag.py","logger":"airflow.dag_processing.dagbag.BundleDagBag","filename":"dagbag.py","lineno":460}
{"timestamp":"2026-09-14T16:56:13.204178Z","level":"info","event":"Filling up the DagBag from /opt/airflow/dags/schedule_dag.py","logger":"airflow.dag_processing.dagbag.BundleDagBag","filename":"dagbag.py","lineno":460}
{"timestamp":"2026-09-14T16:56:43.962583Z","level":"info","event":"Filling up the DagBag from /opt/airflow/dags/schedule_dag.py","logger":"airflow.dag_processing.dagbag.BundleDagBag","filename":"dagbag.py","lineno":460}
{"timestamp":"2026-09-14T16:57:14.628970Z","level":"info","event":"Filling up the DagBag from /opt/airflow/dags/schedule_dag.py","logger":"airflow.dag_processing.dagbag.BundleDagBag","filename":"dagbag.py","lineno":460}
{"timestamp":"2026-09-14T16:57:44.995685Z","level":"info","event":"Filling up the DagBag from /opt/airflow/dags/schedule_dag.py","logger":"airflow.dag_processing.dagbag.BundleDagBag","filename":"dagbag.py","lineno":460}
{"timestamp":"2026-09-14T16:58:15.710192Z","level":"info","event":"Filling up the DagBag from /opt/airflow/dags/schedule_dag.py","logger":"airflow.dag_processing.dagbag.BundleDagBag","filename":"dagbag.py","lineno":460}
{"timestamp":"2026-09-14T16:58:46.024943Z","level":"info","event":"Filling up the DagBag from /opt/airflow/dags/schedule_dag.py","logger":"airflow.dag_processing.dagbag.BundleDagBag","filename":"dagbag.py","lineno":460}
{"timestamp":"2026-09-14T16:59:17.219112Z","level":"info","event":"Filling up the DagBag from /opt/airflow/dags/schedule_dag.py","logger":"airflow.dag_processing.dagbag.BundleDagBag","filename":"dagbag.py","lineno":460}
{"timestamp":"2026-09-14T16:59:48.364988Z","level":"info","event":"Filling up the DagBag from /opt/airflow/dags/schedule_dag.py","logger":"airflow.dag_processing.dagbag.BundleDagBag","filename":"dagbag.py","lineno":460}
{"timestamp":"2026-09-14T17:00:18.573219Z","level":"info","event":"Filling up the DagBag from /opt/airflow/dags/schedule_dag.py","logger":"airflow.dag_processing.dagbag.BundleDagBag","filename":"dagbag.py","lineno":460}
{"timestamp":"2026-09-14T17:00:49.731279Z","level":"info","event":"Filling up the DagBag from /opt/airflow/dags/schedule_dag.py","logger":"airflow.dag_processing.dagbag.BundleDagBag","filename":"dagbag.py","lineno":460}
{"timestamp":"2026-09-14T17:01:20.942991Z","level":"info","event":"Filling up the DagBag from /opt/airflow/dags/schedule_dag.py","logger":"airflow.dag_processing.dagbag.BundleDagBag","filename":"dagbag.py","lineno":460}
{"timestamp":"2026-09-14T17:01:51.269290Z","level":"info","event":"Filling up the DagBag from /opt/airflow/dags/schedule_dag.py","logger":"airflow.dag_processing.dagbag.BundleDagBag","filename":"dagbag.py","lineno":460}
{"timestamp":"2026-09-14T17:02:22.568435Z","level":"info","event":"Filling up the DagBag from /opt/airflow/dags/schedule_dag.py","logger":"airflow.dag_processing.dagbag.BundleDagBag","filename":"dagbag.py","lineno":460}
{"timestamp":"2026-09-14T17:02:52.882754Z","level":"info","event":"Filling up the DagBag from /opt/airflow/dags/schedule_dag.py","logger":"airflow.dag_processing.dagbag.BundleDagBag","filename":"dagbag.py","lineno":460}
{"timestamp":"2026-09-14T17:03:23.451163Z","level":"info","event":"Filling up the DagBag from /opt/airflow/dags/schedule_dag.py","logger":"airflow.dag_processing.dagbag.BundleDagBag","filename":"dagbag.py","lineno":460}
{"timestamp":"2026-09-14T17:03:53.916260Z","level":"info","event":"Filling up the DagBag from /opt/airflow/dags/schedule_dag.py","logger":"airflow.dag_processing.dagbag.BundleDagBag","filename":"dagbag.py","lineno":460}
{"timestamp":"2026-09-14T17:04:25.032631Z","level":"info","event":"Filling up the DagBag from /opt/airflow/dags/schedule_dag.py","logger":"airflow.dag_processing.dagbag.BundleDagBag","filename":"dagbag.py","lineno":460}
{"timestamp":"2026-09-14T17:04:55.290253Z","level":"info","event":"Filling up the DagBag from /opt/airflow/dags/schedule_dag.py","logger":"airflow.dag_processing.dagbag.BundleDagBag","filename":"dagbag.py","lineno":460}
{"timestamp":"2026-09-14T17:05:25.589143Z","level":"info","event":"Filling up the DagBag from /opt/airflow/dags/schedule_dag.py","logger":"airflow.dag_processing.dagbag.BundleDagBag","filename":"dagbag.py","lineno":460}
{"timestamp":"2026-09-14T17:05:56.727688Z","level":"info","event":"Filling up the DagBag from /opt/airflow/dags/schedule_dag.py","logger":"airflow.dag_processing.dagbag.BundleDagBag","filename":"dagbag.py","lineno":460}
{"timestamp":"2026-09-14T17:06:27.889102Z","level":"info","event":"Filling up the DagBag from /opt/airflow/dags/schedule_dag.py","logger":"airflow.dag_processing.dagbag.BundleDagBag","filename":"dagbag.py","lineno":460}
{"timestamp":"2026-09-14T17:06:58.086456Z","level":"info","event":"Filling up the DagBag from /opt/airflow/dags/schedule_dag.py","logger":"airflow.dag_processing.dagbag.BundleDagBag","filename":"dagbag.py","lineno":460}
{"timestamp":"2026-09-14T17:07:29.306516Z","level":"info","event":"Filling up the DagBag from /opt/airflow/dags/schedule_dag.py","logger":"airflow.dag_processing.dagbag.BundleDagBag","filename":"dagbag.py","lineno":460}
{"timestamp":"2026-09-14T17:08:00.472509Z","level":"info","event":"Filling up the DagBag from /opt/airflow/dags/schedule_dag.py","logger":"airflow.dag_processing.dagbag.BundleDagBag","filename":"dagbag.py","lineno":460}
{"timestamp":"2026-09-14T17:08:30.673929Z","level":"info","event":"Filling up the DagBag from /opt/airflow/dags/schedule_dag.py","logger":"airflow.dag_processing.dagbag.BundleDagBag","filename":"dagbag.py","lineno":460}
{"timestamp":"2026-09-14T17:09:00.882077Z","level":"info","event":"Filling up the DagBag from /opt/airflow/dags/schedule_dag.py","logger":"airflow.dag_processing.dagbag.BundleDagBag","filename":"dagbag.py","lineno":460}
{"timestamp":"2026-09-14T17:09:31.112893Z","level":"info","event":"Filling up the DagBag from /opt/airflow/dags/schedule_dag.py","logger":"airflow.dag_processing.dagbag.BundleDagBag","filename":"dagbag.py","lineno":460}
{"timestamp":"2026-09-14T17:10:01.481116Z","level":"info","event":"Filling up the DagBag from /opt/airflow/dags/schedule_dag.py","logger":"airflow.dag_processing.dagbag.BundleDagBag","filename":"dagbag.py","lineno":460}
{"timestamp":"2026-09-14T17:10:32.245215Z","level":"info","event":"Filling up the DagBag from /opt/airflow/dags/schedule_dag.py","logger":"airflow.dag_processing.dagbag.BundleDagBag","filename":"dagbag.py","lineno":460}
{"timestamp":"2026-09-14T17:11:03.405252Z","level":"info","event":"Filling up the DagBag from /opt/airflow/dags/schedule_dag.py","logger":"airflow.dag_processing.dagbag.BundleDagBag","filename":"dagbag.py","lineno":460}
{"timestamp":"2026-09-14T17:11:33.842878Z","level":"info","event":"Filling up the DagBag from /opt/airflow/dags/schedule_dag.py","logger":"airflow.dag_processing.dagbag.BundleDagBag","filename":"dagbag.py","lineno":460}
